Archive member included to satisfy reference by file (symbol)

c:/st/stm32cubeide_1.11.2/stm32cubeide/plugins/com.st.stm32cube.ide.mcu.externaltools.gnu-tools-for-stm32.10.3-2021.10.win32_1.0.100.202210260954/tools/bin/../lib/gcc/arm-none-eabi/10.3.1/../../../../arm-none-eabi/lib/thumb/v7e-m+fp/hard\libc_nano.a(lib_a-errno.o)
                              ./Core/Src/syscalls.o (__errno)
c:/st/stm32cubeide_1.11.2/stm32cubeide/plugins/com.st.stm32cube.ide.mcu.externaltools.gnu-tools-for-stm32.10.3-2021.10.win32_1.0.100.202210260954/tools/bin/../lib/gcc/arm-none-eabi/10.3.1/../../../../arm-none-eabi/lib/thumb/v7e-m+fp/hard\libc_nano.a(lib_a-exit.o)
                              c:/st/stm32cubeide_1.11.2/stm32cubeide/plugins/com.st.stm32cube.ide.mcu.externaltools.gnu-tools-for-stm32.10.3-2021.10.win32_1.0.100.202210260954/tools/bin/../lib/gcc/arm-none-eabi/10.3.1/../../../../arm-none-eabi/lib/thumb/v7e-m+fp/hard/crt0.o (exit)
c:/st/stm32cubeide_1.11.2/stm32cubeide/plugins/com.st.stm32cube.ide.mcu.externaltools.gnu-tools-for-stm32.10.3-2021.10.win32_1.0.100.202210260954/tools/bin/../lib/gcc/arm-none-eabi/10.3.1/../../../../arm-none-eabi/lib/thumb/v7e-m+fp/hard\libc_nano.a(lib_a-impure.o)
                              c:/st/stm32cubeide_1.11.2/stm32cubeide/plugins/com.st.stm32cube.ide.mcu.externaltools.gnu-tools-for-stm32.10.3-2021.10.win32_1.0.100.202210260954/tools/bin/../lib/gcc/arm-none-eabi/10.3.1/../../../../arm-none-eabi/lib/thumb/v7e-m+fp/hard\libc_nano.a(lib_a-exit.o) (_global_impure_ptr)
c:/st/stm32cubeide_1.11.2/stm32cubeide/plugins/com.st.stm32cube.ide.mcu.externaltools.gnu-tools-for-stm32.10.3-2021.10.win32_1.0.100.202210260954/tools/bin/../lib/gcc/arm-none-eabi/10.3.1/../../../../arm-none-eabi/lib/thumb/v7e-m+fp/hard\libc_nano.a(lib_a-init.o)
                              c:/st/stm32cubeide_1.11.2/stm32cubeide/plugins/com.st.stm32cube.ide.mcu.externaltools.gnu-tools-for-stm32.10.3-2021.10.win32_1.0.100.202210260954/tools/bin/../lib/gcc/arm-none-eabi/10.3.1/../../../../arm-none-eabi/lib/thumb/v7e-m+fp/hard/crt0.o (__libc_init_array)
c:/st/stm32cubeide_1.11.2/stm32cubeide/plugins/com.st.stm32cube.ide.mcu.externaltools.gnu-tools-for-stm32.10.3-2021.10.win32_1.0.100.202210260954/tools/bin/../lib/gcc/arm-none-eabi/10.3.1/../../../../arm-none-eabi/lib/thumb/v7e-m+fp/hard\libc_nano.a(lib_a-memset.o)
                              c:/st/stm32cubeide_1.11.2/stm32cubeide/plugins/com.st.stm32cube.ide.mcu.externaltools.gnu-tools-for-stm32.10.3-2021.10.win32_1.0.100.202210260954/tools/bin/../lib/gcc/arm-none-eabi/10.3.1/../../../../arm-none-eabi/lib/thumb/v7e-m+fp/hard/crt0.o (memset)
c:/st/stm32cubeide_1.11.2/stm32cubeide/plugins/com.st.stm32cube.ide.mcu.externaltools.gnu-tools-for-stm32.10.3-2021.10.win32_1.0.100.202210260954/tools/bin/../lib/gcc/arm-none-eabi/10.3.1/../../../../arm-none-eabi/lib/thumb/v7e-m+fp/hard\libc_nano.a(lib_a-sprintf.o)
                              ./Core/Src/main.o (sprintf)
c:/st/stm32cubeide_1.11.2/stm32cubeide/plugins/com.st.stm32cube.ide.mcu.externaltools.gnu-tools-for-stm32.10.3-2021.10.win32_1.0.100.202210260954/tools/bin/../lib/gcc/arm-none-eabi/10.3.1/../../../../arm-none-eabi/lib/thumb/v7e-m+fp/hard\libc_nano.a(lib_a-strlen.o)
                              ./Core/Src/LiquidCrystal.o (strlen)
c:/st/stm32cubeide_1.11.2/stm32cubeide/plugins/com.st.stm32cube.ide.mcu.externaltools.gnu-tools-for-stm32.10.3-2021.10.win32_1.0.100.202210260954/tools/bin/../lib/gcc/arm-none-eabi/10.3.1/../../../../arm-none-eabi/lib/thumb/v7e-m+fp/hard\libc_nano.a(lib_a-nano-svfprintf.o)
                              c:/st/stm32cubeide_1.11.2/stm32cubeide/plugins/com.st.stm32cube.ide.mcu.externaltools.gnu-tools-for-stm32.10.3-2021.10.win32_1.0.100.202210260954/tools/bin/../lib/gcc/arm-none-eabi/10.3.1/../../../../arm-none-eabi/lib/thumb/v7e-m+fp/hard\libc_nano.a(lib_a-sprintf.o) (_svfprintf_r)
c:/st/stm32cubeide_1.11.2/stm32cubeide/plugins/com.st.stm32cube.ide.mcu.externaltools.gnu-tools-for-stm32.10.3-2021.10.win32_1.0.100.202210260954/tools/bin/../lib/gcc/arm-none-eabi/10.3.1/../../../../arm-none-eabi/lib/thumb/v7e-m+fp/hard\libc_nano.a(lib_a-nano-vfprintf_i.o)
                              c:/st/stm32cubeide_1.11.2/stm32cubeide/plugins/com.st.stm32cube.ide.mcu.externaltools.gnu-tools-for-stm32.10.3-2021.10.win32_1.0.100.202210260954/tools/bin/../lib/gcc/arm-none-eabi/10.3.1/../../../../arm-none-eabi/lib/thumb/v7e-m+fp/hard\libc_nano.a(lib_a-nano-svfprintf.o) (_printf_i)
c:/st/stm32cubeide_1.11.2/stm32cubeide/plugins/com.st.stm32cube.ide.mcu.externaltools.gnu-tools-for-stm32.10.3-2021.10.win32_1.0.100.202210260954/tools/bin/../lib/gcc/arm-none-eabi/10.3.1/../../../../arm-none-eabi/lib/thumb/v7e-m+fp/hard\libc_nano.a(lib_a-memchr.o)
[...]
Memory Configuration

Name             Origin             Length             Attributes
CCMRAM           0x0000000010000000 0x0000000000002000 xrw
RAM              0x0000000020000000 0x000000000000a000 xrw
FLASH            0x0000000008000000 0x0000000000040000 xr
*default*        0x0000000000000000 0xffffffffffffffff

Linker script and memory map

LOAD c:/st/stm32cubeide_1.11.2/stm32cubeide/plugins/com.st.stm32cube.ide.mcu.externaltools.gnu-tools-for-stm32.10.3-2021.10.win32_1.0.100.202210260954/tools/bin/../lib/gcc/arm-none-eabi/10.3.1/thumb/v7e-m+fp/hard/crti.o
LOAD c:/st/stm32cubeide_1.11.2/stm32cubeide/plugins/com.st.stm32cube.ide.mcu.externaltools.gnu-tools-for-stm32.10.3-2021.10.win32_1.0.100.202210260954/tools/bin/../lib/gcc/arm-none-eabi/10.3.1/thumb/v7e-m+fp/hard/crtbegin.o
LOAD c:/st/stm32cubeide_1.11.2/stm32cubeide/plugins/com.st.stm32cube.ide.mcu.externaltools.gnu-tools-for-stm32.10.3-2021.10.win32_1.0.100.202210260954/tools/bin/../lib/gcc/arm-none-eabi/10.3.1/../../../../arm-none-eabi/lib/thumb/v7e-m+fp/hard/crt0.o
LOAD ./Core/Src/LiquidCrystal.o
LOAD ./Core/Src/main.o
LOAD ./Core/Src/stm32f3xx_hal_msp.o
LOAD ./Core/Src/stm32f3xx_it.o
LOAD ./Core/Src/syscalls.o
LOAD ./Core/Src/sysmem.o
LOAD ./Core/Src/system_stm32f3xx.o
LOAD ./Core/Startup/startup_stm32f303vctx.o
LOAD ./Drivers/STM32F3xx_HAL_Driver/Src/stm32f3xx_hal.o
LOAD ./Drivers/STM32F3xx_HAL_Driver/Src/stm32f3xx_hal_cortex.o
LOAD ./Drivers/STM32F3xx_HAL_Driver/Src/stm32f3xx_hal_dma.o
LOAD ./Drivers/STM32F3xx_HAL_Driver/Src/stm32f3xx_hal_exti.o
LOAD ./Drivers/STM32F3xx_HAL_Driver/Src/stm32f3xx_hal_flash.o
LOAD ./Drivers/STM32F3xx_HAL_Driver/Src/stm32f3xx_hal_flash_ex.o
LOAD ./Drivers/STM32F3xx_HAL_Driver/Src/stm32f3xx_hal_gpio.o
LOAD ./Drivers/STM32F3xx_HAL_Driver/Src/stm32f3xx_hal_i2c.o
LOAD ./Drivers/STM32F3xx_HAL_Driver/Src/stm32f3xx_hal_i2c_ex.o
LOAD ./Drivers/STM32F3xx_HAL_Driver/Src/stm32f3xx_hal_pcd.o
LOAD ./Drivers/STM32F3xx_HAL_Driver/Src/stm32f3xx_hal_pcd_ex.o
LOAD ./Drivers/STM32F3xx_HAL_Driver/Src/stm32f3xx_hal_pwr.o
LOAD ./Drivers/STM32F3xx_HAL_Driver/Src/stm32f3xx_hal_pwr_ex.o
LOAD ./Drivers/STM32F3xx_HAL_Driver/Src/stm32f3xx_hal_rcc.o
LOAD ./Drivers/STM32F3xx_HAL_Driver/Src/stm32f3xx_hal_rcc_ex.o
LOAD ./Drivers/STM32F3xx_HAL_Driver/Src/stm32f3xx_hal_rtc.o
LOAD ./Drivers/STM32F3xx_HAL_Driver/Src/stm32f3xx_hal_rtc_ex.o
LOAD ./Drivers/STM32F3xx_HAL_Driver/Src/stm32f3xx_hal_spi.o
LOAD ./Drivers/STM32F3xx_HAL_Driver/Src/stm32f3xx_hal_spi_ex.o
LOAD ./Drivers/STM32F3xx_HAL_Driver/Src/stm32f3xx_hal_tim.o
LOAD ./Drivers/STM32F3xx_HAL_Driver/Src/stm32f3xx_hal_tim_ex.o
LOAD ./Drivers/STM32F3xx_HAL_Driver/Src/stm32f3xx_hal_uart.o
LOAD ./Drivers/STM32F3xx_HAL_Driver/Src/stm32f3xx_hal_uart_ex.o
LOAD ./Drivers/STM32F3xx_HAL_Driver/Src/stm32f3xx_ll_usb.o
START GROUP
LOAD c:/st/stm32cubeide_1.11.2/stm32cubeide/plugins/com.st.stm32cube.ide.mcu.externaltools.gnu-tools-for-stm32.10.3-2021.10.win32_1.0.100.202210260954/tools/bin/../lib/gcc/arm-none-eabi/10.3.1/../../../../arm-none-eabi/lib/thumb/v7e-m+fp/hard\libc_nano.a
LOAD c:/st/stm32cubeide_1.11.2/stm32cubeide/plugins/com.st.stm32cube.ide.mcu.externaltools.gnu-tools-for-stm32.10.3-2021.10.win32_1.0.100.202210260954/tools/bin/../lib/gcc/arm-none-eabi/10.3.1/../../../../arm-none-eabi/lib/thumb/v7e-m+fp/hard\libm.a
END GROUP
START GROUP
LOAD c:/st/stm32cubeide_1.11.2/stm32cubeide/plugins/com.st.stm32cube.ide.mcu.externaltools.gnu-tools-for-stm32.10.3-2021.10.win32_1.0.100.202210260954/tools/bin/../lib/gcc/arm-none-eabi/10.3.1/thumb/v7e-m+fp/hard\libgcc.a
LOAD c:/st/stm32cubeide_1.11.2/stm32cubeide/plugins/com.st.stm32cube.ide.mcu.externaltools.gnu-tools-for-stm32.10.3-2021.10.win32_1.0.100.202210260954/tools/bin/../lib/gcc/arm-none-eabi/10.3.1/../../../../arm-none-eabi/lib/thumb/v7e-m+fp/hard\libc_nano.a
END GROUP
START GROUP
LOAD c:/st/stm32cubeide_1.11.2/stm32cubeide/plugins/com.st.stm32cube.ide.mcu.externaltools.gnu-tools-for-stm32.10.3-2021.10.win32_1.0.100.202210260954/tools/bin/../lib/gcc/arm-none-eabi/10.3.1/thumb/v7e-m+fp/hard\libgcc.a
LOAD c:/st/stm32cubeide_1.11.2/stm32cubeide/plugins/com.st.stm32cube.ide.mcu.externaltools.gnu-tools-for-stm32.10.3-2021.10.win32_1.0.100.202210260954/tools/bin/../lib/gcc/arm-none-eabi/10.3.1/../../../../arm-none-eabi/lib/thumb/v7e-m+fp/hard\libc_nano.a
LOAD c:/st/stm32cubeide_1.11.2/stm32cubeide/plugins/com.st.stm32cube.ide.mcu.externaltools.gnu-tools-for-stm32.10.3-2021.10.win32_1.0.100.202210260954/tools/bin/../lib/gcc/arm-none-eabi/10.3.1/../../../../arm-none-eabi/lib/thumb/v7e-m+fp/hard\libnosys.a
END GROUP
START GROUP
LOAD c:/st/stm32cubeide_1.11.2/stm32cubeide/plugins/com.st.stm32cube.ide.mcu.externaltools.gnu-tools-for-stm32.10.3-2021.10.win32_1.0.100.202210260954/tools/bin/../lib/gcc/arm-none-eabi/10.3.1/thumb/v7e-m+fp/hard\libgcc.a
LOAD c:/st/stm32cubeide_1.11.2/stm32cubeide/plugins/com.st.stm32cube.ide.mcu.externaltools.gnu-tools-for-stm32.10.3-2021.10.win32_1.0.100.202210260954/tools/bin/../lib/gcc/arm-none-eabi/10.3.1/../../../../arm-none-eabi/lib/thumb/v7e-m+fp/hard\libc_nano.a
LOAD c:/st/stm32cubeide_1.11.2/stm32cubeide/plugins/com.st.stm32cube.ide.mcu.externaltools.gnu-tools-for-stm32.10.3-2021.10.win32_1.0.100.202210260954/tools/bin/../lib/gcc/arm-none-eabi/10.3.1/../../../../arm-none-eabi/lib/thumb/v7e-m+fp/hard\libnosys.a
END GROUP
LOAD c:/st/stm32cubeide_1.11.2/stm32cubeide/plugins/com.st.stm32cube.ide.mcu.externaltools.gnu-tools-for-stm32.10.3-2021.10.win32_1.0.100.202210260954/tools/bin/../lib/gcc/arm-none-eabi/10.3.1/thumb/v7e-m+fp/hard/crtend.o
LOAD c:/st/stm32cubeide_1.11.2/stm32cubeide/plugins/com.st.stm32cube.ide.mcu.externaltools.gnu-tools-for-stm32.10.3-2021.10.win32_1.0.100.202210260954/tools/bin/../lib/gcc/arm-none-eabi/10.3.1/thumb/v7e-m+fp/hard/crtn.o
                0x000000002000a000                _estack = (ORIGIN (RAM) + LENGTH (RAM))
                0x0000000000000200                _Min_Heap_Size = 0x200
                0x0000000000000400                _Min_Stack_Size = 0x400

.isr_vector     0x0000000008000000      0x188
                0x0000000008000000                . = ALIGN (0x4)
 *(.isr_vector)
 .isr_vector    0x0000000008000000      0x188 ./Core/Startup/startup_stm32f303vctx.o
                0x0000000008000000                g_pfnVectors
                0x0000000008000188                . = ALIGN (0x4)

.text           0x0000000008000190     0x5b64
                0x0000000008000190                . = ALIGN (0x4)
 *(.text)
 .text          0x0000000008000190       0x40 c:/st/stm32cubeide_1.11.2/stm32cubeide/plugins/com.st.stm32cube.ide.mcu.externaltools.gnu-tools-for-stm32.10.3-2021.10.win32_1.0.100.202210260954/tools/bin/../lib/gcc/arm-none-eabi/10.3.1/thumb/v7e-m+fp/hard/crtbegin.o
 .text          0x00000000080001d0       0x10 c:/st/stm32cubeide_1.11.2/stm32cubeide/plugins/com.st.stm32cube.ide.mcu.externaltools.gnu-tools-for-stm32.10.3-2021.10.win32_1.0.100.202210260954/tools/bin/../lib/gcc/arm-none-eabi/10.3.1/../../../../arm-none-eabi/lib/thumb/v7e-m+fp/hard\libc_nano.a(lib_a-strlen.o)
                0x00000000080001d0                strlen
 .text          0x00000000080001e0       0xa0 c:/st/stm32cubeide_1.11.2/stm32cubeide/plugins/com.st.stm32cube.ide.mcu.externaltools.gnu-tools-for-stm32.10.3-2021.10.win32_1.0.100.202210260954/tools/bin/../lib/gcc/arm-none-eabi/10.3.1/../../../../arm-none-eabi/lib/thumb/v7e-m+fp/hard\libc_nano.a(lib_a-memchr.o)
                0x00000000080001e0                memchr
 *(.text*)
 .text.LiquidCrystal
                0x0000000008000280       0x94 ./Core/Src/LiquidCrystal.o
                0x0000000008000280                LiquidCrystal
 .text.init     0x0000000008000314       0x9c ./Core/Src/LiquidCrystal.o
                0x0000000008000314                init
 .text.begin    0x00000000080003b0      0x220 ./Core/Src/LiquidCrystal.o
                0x00000000080003b0                begin
 .text.enableClock
                0x00000000080005d0      0x128 ./Core/Src/LiquidCrystal.o
                0x00000000080005d0                enableClock
 .text.setRowOffsets
                0x00000000080006f8       0x40 ./Core/Src/LiquidCrystal.o
                0x00000000080006f8                setRowOffsets
 .text.clear    0x0000000008000738       0x14 ./Core/Src/LiquidCrystal.o
                0x0000000008000738                clear
 .text.setCursor
                0x000000000800074c       0x64 ./Core/Src/LiquidCrystal.o
                0x000000000800074c                setCursor
 .text.display  0x00000000080007b0       0x2c ./Core/Src/LiquidCrystal.o
                0x00000000080007b0                display
 .text.print    0x00000000080007dc       0x56 ./Core/Src/LiquidCrystal.o
                0x00000000080007dc                print
 .text.createChar
                0x0000000008000832       0x52 ./Core/Src/LiquidCrystal.o
                0x0000000008000832                createChar
 .text.command  0x0000000008000884       0x1c ./Core/Src/LiquidCrystal.o
                0x0000000008000884                command
 .text.write    0x00000000080008a0       0x1e ./Core/Src/LiquidCrystal.o
                0x00000000080008a0                write
 *fill*         0x00000000080008be        0x2 
 .text.send     0x00000000080008c0       0x7c ./Core/Src/LiquidCrystal.o
                0x00000000080008c0                send
 .text.pulseEnable
                0x000000000800093c       0x54 ./Core/Src/LiquidCrystal.o
                0x000000000800093c                pulseEnable
 .text.write4bits
                0x0000000008000990       0x54 ./Core/Src/LiquidCrystal.o
                0x0000000008000990                write4bits
 .text.write8bits
                0x00000000080009e4       0x54 ./Core/Src/LiquidCrystal.o
                0x00000000080009e4                write8bits
 .text.HAL_GPIO_EXTI_Callback
                0x0000000008000a38      0x2e0 ./Core/Src/main.o
                0x0000000008000a38                HAL_GPIO_EXTI_Callback
 .text.showMain
                0x0000000008000d18       0x44 ./Core/Src/main.o
                0x0000000008000d18                showMain
 .text.showAbout
                0x0000000008000d5c       0x1c ./Core/Src/main.o
                0x0000000008000d5c                showAbout
 .text.main     0x0000000008000d78      0x160 ./Core/Src/main.o
                0x0000000008000d78                main
 .text.SystemClock_Config
                0x0000000008000ed8       0xd0 ./Core/Src/main.o
                0x0000000008000ed8                SystemClock_Config
 .text.MX_I2C1_Init
                0x0000000008000fa8       0x80 ./Core/Src/main.o
 .text.MX_RTC_Init
                0x0000000008001028       0xb4 ./Core/Src/main.o
 .text.MX_SPI1_Init
                0x00000000080010dc       0x7c ./Core/Src/main.o
 .text.MX_USART1_UART_Init
                0x0000000008001158       0x60 ./Core/Src/main.o
 .text.MX_USB_PCD_Init
                0x00000000080011b8       0x44 ./Core/Src/main.o
 .text.MX_GPIO_Init
                0x00000000080011fc      0x174 ./Core/Src/main.o
 .text.Error_Handler
                0x0000000008001370        0xa ./Core/Src/main.o
                0x0000000008001370                Error_Handler
 *fill*         0x000000000800137a        0x2 
 .text.HAL_MspInit
                0x000000000800137c       0x48 ./Core/Src/stm32f3xx_hal_msp.o
                0x000000000800137c                HAL_MspInit
 .text.HAL_I2C_MspInit
                0x00000000080013c4       0x88 ./Core/Src/stm32f3xx_hal_msp.o
                0x00000000080013c4                HAL_I2C_MspInit
 .text.HAL_RTC_MspInit
                0x000000000800144c       0x4c ./Core/Src/stm32f3xx_hal_msp.o
                0x000000000800144c                HAL_RTC_MspInit
 .text.HAL_SPI_MspInit
                0x0000000008001498       0x84 ./Core/Src/stm32f3xx_hal_msp.o
                0x0000000008001498                HAL_SPI_MspInit
 .text.HAL_UART_MspInit
                0x000000000800151c       0x98 ./Core/Src/stm32f3xx_hal_msp.o
                0x000000000800151c                HAL_UART_MspInit
 .text.HAL_PCD_MspInit
                0x00000000080015b4       0x88 ./Core/Src/stm32f3xx_hal_msp.o
                0x00000000080015b4                HAL_PCD_MspInit
 .text.NMI_Handler
                0x000000000800163c        0x6 ./Core/Src/stm32f3xx_it.o
                0x000000000800163c                NMI_Handler
 .text.HardFault_Handler
                0x0000000008001642        0x6 ./Core/Src/stm32f3xx_it.o
                0x0000000008001642                HardFault_Handler
 .text.MemManage_Handler
                0x0000000008001648        0x6 ./Core/Src/stm32f3xx_it.o
                0x0000000008001648                MemManage_Handler
 .text.BusFault_Handler
                0x000000000800164e        0x6 ./Core/Src/stm32f3xx_it.o
                0x000000000800164e                BusFault_Handler
 .text.UsageFault_Handler
                0x0000000008001654        0x6 ./Core/Src/stm32f3xx_it.o
                0x0000000008001654                UsageFault_Handler
 .text.SVC_Handler
                0x000000000800165a        0xe ./Core/Src/stm32f3xx_it.o
                0x000000000800165a                SVC_Handler
 .text.DebugMon_Handler
                0x0000000008001668        0xe ./Core/Src/stm32f3xx_it.o
                0x0000000008001668                DebugMon_Handler
 .text.PendSV_Handler
                0x0000000008001676        0xe ./Core/Src/stm32f3xx_it.o
                0x0000000008001676                PendSV_Handler
 .text.SysTick_Handler
                0x0000000008001684        0xc ./Core/Src/stm32f3xx_it.o
                0x0000000008001684                SysTick_Handler
 .text.USART1_IRQHandler
                0x0000000008001690       0x14 ./Core/Src/stm32f3xx_it.o
                0x0000000008001690                USART1_IRQHandler
 .text.EXTI15_10_IRQHandler
                0x00000000080016a4       0x28 ./Core/Src/stm32f3xx_it.o
                0x00000000080016a4                EXTI15_10_IRQHandler
 .text._sbrk    0x00000000080016cc       0x6c ./Core/Src/sysmem.o
                0x00000000080016cc                _sbrk
 .text.SystemInit
                0x0000000008001738       0x24 ./Core/Src/system_stm32f3xx.o
                0x0000000008001738                SystemInit
 .text.Reset_Handler
                0x000000000800175c       0x50 ./Core/Startup/startup_stm32f303vctx.o
                0x000000000800175c                Reset_Handler
 .text.Default_Handler
                0x00000000080017ac        0x2 ./Core/Startup/startup_stm32f303vctx.o
                0x00000000080017ac                RTC_Alarm_IRQHandler
                0x00000000080017ac                TIM8_TRG_COM_IRQHandler
                0x00000000080017ac                TIM8_CC_IRQHandler
                0x00000000080017ac                TIM1_CC_IRQHandler
                0x00000000080017ac                USB_HP_IRQHandler
                0x00000000080017ac                PVD_IRQHandler
                0x00000000080017ac                TAMP_STAMP_IRQHandler
                0x00000000080017ac                EXTI3_IRQHandler
                0x00000000080017ac                USB_HP_CAN_TX_IRQHandler
                0x00000000080017ac                EXTI0_IRQHandler
                0x00000000080017ac                I2C2_EV_IRQHandler
                0x00000000080017ac                FPU_IRQHandler
                0x00000000080017ac                TIM1_UP_TIM16_IRQHandler
                0x00000000080017ac                ADC1_2_IRQHandler
                0x00000000080017ac                SPI1_IRQHandler
                0x00000000080017ac                CAN_SCE_IRQHandler
                0x00000000080017ac                TIM6_DAC_IRQHandler
                0x00000000080017ac                TIM8_UP_IRQHandler
                0x00000000080017ac                DMA2_Channel2_IRQHandler
                0x00000000080017ac                DMA1_Channel4_IRQHandler
                0x00000000080017ac                USART3_IRQHandler
                0x00000000080017ac                DMA1_Channel7_IRQHandler
                0x00000000080017ac                UART5_IRQHandler
                0x00000000080017ac                ADC3_IRQHandler
                0x00000000080017ac                TIM4_IRQHandler
                0x00000000080017ac                CAN_RX1_IRQHandler
                0x00000000080017ac                DMA2_Channel1_IRQHandler
                0x00000000080017ac                I2C1_EV_IRQHandler
                0x00000000080017ac                DMA1_Channel6_IRQHandler
                0x00000000080017ac                UART4_IRQHandler
                0x00000000080017ac                DMA2_Channel4_IRQHandler
                0x00000000080017ac                TIM3_IRQHandler
                0x00000000080017ac                RCC_IRQHandler
                0x00000000080017ac                DMA1_Channel1_IRQHandler
                0x00000000080017ac                Default_Handler
                0x00000000080017ac                USBWakeUp_RMP_IRQHandler
                0x00000000080017ac                TIM7_IRQHandler
                0x00000000080017ac                EXTI9_5_IRQHandler
                0x00000000080017ac                RTC_WKUP_IRQHandler
                0x00000000080017ac                SPI2_IRQHandler
                0x00000000080017ac                USB_LP_CAN_RX0_IRQHandler
                0x00000000080017ac                DMA2_Channel5_IRQHandler
                0x00000000080017ac                DMA1_Channel5_IRQHandler
                0x00000000080017ac                USB_LP_IRQHandler
                0x00000000080017ac                EXTI4_IRQHandler
                0x00000000080017ac                TIM1_TRG_COM_TIM17_IRQHandler
                0x00000000080017ac                DMA1_Channel3_IRQHandler
                0x00000000080017ac                ADC4_IRQHandler
                0x00000000080017ac                WWDG_IRQHandler
                0x00000000080017ac                TIM2_IRQHandler
                0x00000000080017ac                COMP7_IRQHandler
                0x00000000080017ac                COMP1_2_3_IRQHandler
                0x00000000080017ac                EXTI1_IRQHandler
                0x00000000080017ac                USART2_IRQHandler
                0x00000000080017ac                COMP4_5_6_IRQHandler
                0x00000000080017ac                I2C2_ER_IRQHandler
                0x00000000080017ac                DMA1_Channel2_IRQHandler
                0x00000000080017ac                TIM8_BRK_IRQHandler
                0x00000000080017ac                FLASH_IRQHandler
                0x00000000080017ac                SPI3_IRQHandler
                0x00000000080017ac                I2C1_ER_IRQHandler
                0x00000000080017ac                USBWakeUp_IRQHandler
                0x00000000080017ac                DMA2_Channel3_IRQHandler
                0x00000000080017ac                EXTI2_TSC_IRQHandler
                0x00000000080017ac                TIM1_BRK_TIM15_IRQHandler
 *fill*         0x00000000080017ae        0x2 
 .text.HAL_Init
                0x00000000080017b0       0x2c ./Drivers/STM32F3xx_HAL_Driver/Src/stm32f3xx_hal.o
                0x00000000080017b0                HAL_Init
 .text.HAL_InitTick
                0x00000000080017dc       0x60 ./Drivers/STM32F3xx_HAL_Driver/Src/stm32f3xx_hal.o
                0x00000000080017dc                HAL_InitTick
 .text.HAL_IncTick
                0x000000000800183c       0x28 ./Drivers/STM32F3xx_HAL_Driver/Src/stm32f3xx_hal.o
                0x000000000800183c                HAL_IncTick
 .text.HAL_GetTick
                0x0000000008001864       0x18 ./Drivers/STM32F3xx_HAL_Driver/Src/stm32f3xx_hal.o
                0x0000000008001864                HAL_GetTick
 .text.HAL_Delay
                0x000000000800187c       0x48 ./Drivers/STM32F3xx_HAL_Driver/Src/stm32f3xx_hal.o
                0x000000000800187c                HAL_Delay
 .text.__NVIC_SetPriorityGrouping
                0x00000000080018c4       0x48 ./Drivers/STM32F3xx_HAL_Driver/Src/stm32f3xx_hal_cortex.o
 .text.__NVIC_GetPriorityGrouping
                0x000000000800190c       0x1c ./Drivers/STM32F3xx_HAL_Driver/Src/stm32f3xx_hal_cortex.o
 .text.__NVIC_EnableIRQ
                0x0000000008001928       0x3c ./Drivers/STM32F3xx_HAL_Driver/Src/stm32f3xx_hal_cortex.o
 .text.__NVIC_SetPriority
                0x0000000008001964       0x54 ./Drivers/STM32F3xx_HAL_Driver/Src/stm32f3xx_hal_cortex.o
 .text.NVIC_EncodePriority
                0x00000000080019b8       0x66 ./Drivers/STM32F3xx_HAL_Driver/Src/stm32f3xx_hal_cortex.o
 *fill*         0x0000000008001a1e        0x2 
 .text.SysTick_Config
                0x0000000008001a20       0x44 ./Drivers/STM32F3xx_HAL_Driver/Src/stm32f3xx_hal_cortex.o
 .text.HAL_NVIC_SetPriorityGrouping
                0x0000000008001a64       0x16 ./Drivers/STM32F3xx_HAL_Driver/Src/stm32f3xx_hal_cortex.o
                0x0000000008001a64                HAL_NVIC_SetPriorityGrouping
 .text.HAL_NVIC_SetPriority
                0x0000000008001a7a       0x38 ./Drivers/STM32F3xx_HAL_Driver/Src/stm32f3xx_hal_cortex.o
                0x0000000008001a7a                HAL_NVIC_SetPriority
 .text.HAL_NVIC_EnableIRQ
                0x0000000008001ab2       0x1c ./Drivers/STM32F3xx_HAL_Driver/Src/stm32f3xx_hal_cortex.o
                0x0000000008001ab2                HAL_NVIC_EnableIRQ
 .text.HAL_SYSTICK_Config
                0x0000000008001ace       0x18 ./Drivers/STM32F3xx_HAL_Driver/Src/stm32f3xx_hal_cortex.o
                0x0000000008001ace                HAL_SYSTICK_Config
 .text.HAL_DMA_Abort
                0x0000000008001ae6       0x72 ./Drivers/STM32F3xx_HAL_Driver/Src/stm32f3xx_hal_dma.o
                0x0000000008001ae6                HAL_DMA_Abort
 .text.HAL_DMA_Abort_IT
                0x0000000008001b58       0x7c ./Drivers/STM32F3xx_HAL_Driver/Src/stm32f3xx_hal_dma.o
                0x0000000008001b58                HAL_DMA_Abort_IT
 .text.HAL_GPIO_Init
                0x0000000008001bd4      0x2f4 ./Drivers/STM32F3xx_HAL_Driver/Src/stm32f3xx_hal_gpio.o
                0x0000000008001bd4                HAL_GPIO_Init
 .text.HAL_GPIO_ReadPin
                0x0000000008001ec8       0x30 ./Drivers/STM32F3xx_HAL_Driver/Src/stm32f3xx_hal_gpio.o
                0x0000000008001ec8                HAL_GPIO_ReadPin
 .text.HAL_GPIO_WritePin
                0x0000000008001ef8       0x30 ./Drivers/STM32F3xx_HAL_Driver/Src/stm32f3xx_hal_gpio.o
                0x0000000008001ef8                HAL_GPIO_WritePin
 .text.HAL_GPIO_EXTI_IRQHandler
                0x0000000008001f28       0x30 ./Drivers/STM32F3xx_HAL_Driver/Src/stm32f3xx_hal_gpio.o
                0x0000000008001f28                HAL_GPIO_EXTI_IRQHandler
 .text.HAL_I2C_Init
                0x0000000008001f58      0x11e ./Drivers/STM32F3xx_HAL_Driver/Src/stm32f3xx_hal_i2c.o
                0x0000000008001f58                HAL_I2C_Init
 .text.HAL_I2CEx_ConfigAnalogFilter
                0x0000000008002076       0x96 ./Drivers/STM32F3xx_HAL_Driver/Src/stm32f3xx_hal_i2c_ex.o
                0x0000000008002076                HAL_I2CEx_ConfigAnalogFilter
 .text.HAL_I2CEx_ConfigDigitalFilter
                0x000000000800210c       0x98 ./Drivers/STM32F3xx_HAL_Driver/Src/stm32f3xx_hal_i2c_ex.o
                0x000000000800210c                HAL_I2CEx_ConfigDigitalFilter
 .text.HAL_PCD_Init
                0x00000000080021a4      0x1a4 ./Drivers/STM32F3xx_HAL_Driver/Src/stm32f3xx_hal_pcd.o
                0x00000000080021a4                HAL_PCD_Init
 .text.HAL_RCC_OscConfig
                0x0000000008002348     0x107c ./Drivers/STM32F3xx_HAL_Driver/Src/stm32f3xx_hal_rcc.o
                0x0000000008002348                HAL_RCC_OscConfig
 .text.HAL_RCC_ClockConfig
                0x00000000080033c4      0x2f8 ./Drivers/STM32F3xx_HAL_Driver/Src/stm32f3xx_hal_rcc.o
                0x00000000080033c4                HAL_RCC_ClockConfig
 .text.HAL_RCC_GetSysClockFreq
                0x00000000080036bc       0xd4 ./Drivers/STM32F3xx_HAL_Driver/Src/stm32f3xx_hal_rcc.o
                0x00000000080036bc                HAL_RCC_GetSysClockFreq
 .text.HAL_RCC_GetHCLKFreq
                0x0000000008003790       0x18 ./Drivers/STM32F3xx_HAL_Driver/Src/stm32f3xx_hal_rcc.o
                0x0000000008003790                HAL_RCC_GetHCLKFreq
 .text.HAL_RCC_GetPCLK1Freq
                0x00000000080037a8       0x44 ./Drivers/STM32F3xx_HAL_Driver/Src/stm32f3xx_hal_rcc.o
                0x00000000080037a8                HAL_RCC_GetPCLK1Freq
 .text.HAL_RCC_GetPCLK2Freq
                0x00000000080037ec       0x44 ./Drivers/STM32F3xx_HAL_Driver/Src/stm32f3xx_hal_rcc.o
                0x00000000080037ec                HAL_RCC_GetPCLK2Freq
 .text.HAL_RCCEx_PeriphCLKConfig
                0x0000000008003830      0x360 ./Drivers/STM32F3xx_HAL_Driver/Src/stm32f3xx_hal_rcc_ex.o
                0x0000000008003830                HAL_RCCEx_PeriphCLKConfig
 .text.HAL_RTC_Init
                0x0000000008003b90      0x106 ./Drivers/STM32F3xx_HAL_Driver/Src/stm32f3xx_hal_rtc.o
                0x0000000008003b90                HAL_RTC_Init
 .text.HAL_RTC_SetTime
                0x0000000008003c96      0x134 ./Drivers/STM32F3xx_HAL_Driver/Src/stm32f3xx_hal_rtc.o
                0x0000000008003c96                HAL_RTC_SetTime
 .text.HAL_RTC_GetTime
                0x0000000008003dca       0xbc ./Drivers/STM32F3xx_HAL_Driver/Src/stm32f3xx_hal_rtc.o
                0x0000000008003dca                HAL_RTC_GetTime
 .text.HAL_RTC_SetDate
                0x0000000008003e86      0x108 ./Drivers/STM32F3xx_HAL_Driver/Src/stm32f3xx_hal_rtc.o
                0x0000000008003e86                HAL_RTC_SetDate
 .text.HAL_RTC_GetDate
                0x0000000008003f8e       0x9e ./Drivers/STM32F3xx_HAL_Driver/Src/stm32f3xx_hal_rtc.o
                0x0000000008003f8e                HAL_RTC_GetDate
 .text.HAL_RTC_WaitForSynchro
                0x000000000800402c       0x4c ./Drivers/STM32F3xx_HAL_Driver/Src/stm32f3xx_hal_rtc.o
                0x000000000800402c                HAL_RTC_WaitForSynchro
 .text.RTC_EnterInitMode
                0x0000000008004078       0x6e ./Drivers/STM32F3xx_HAL_Driver/Src/stm32f3xx_hal_rtc.o
                0x0000000008004078                RTC_EnterInitMode
 .text.RTC_ExitInitMode
                0x00000000080040e6       0x4a ./Drivers/STM32F3xx_HAL_Driver/Src/stm32f3xx_hal_rtc.o
                0x00000000080040e6                RTC_ExitInitMode
 .text.RTC_ByteToBcd2
                0x0000000008004130       0x3c ./Drivers/STM32F3xx_HAL_Driver/Src/stm32f3xx_hal_rtc.o
                0x0000000008004130                RTC_ByteToBcd2
 .text.RTC_Bcd2ToByte
                0x000000000800416c       0x3c ./Drivers/STM32F3xx_HAL_Driver/Src/stm32f3xx_hal_rtc.o
                0x000000000800416c                RTC_Bcd2ToByte
 .text.HAL_SPI_Init
                0x00000000080041a8      0x156 ./Drivers/STM32F3xx_HAL_Driver/Src/stm32f3xx_hal_spi.o
                0x00000000080041a8                HAL_SPI_Init
 .text.HAL_UART_Init
                0x00000000080042fe       0x9c ./Drivers/STM32F3xx_HAL_Driver/Src/stm32f3xx_hal_uart.o
                0x00000000080042fe                HAL_UART_Init
 .text.HAL_UART_Transmit
                0x000000000800439a      0x114 ./Drivers/STM32F3xx_HAL_Driver/Src/stm32f3xx_hal_uart.o
                0x000000000800439a                HAL_UART_Transmit
 *fill*         0x00000000080044ae        0x2 
 .text.HAL_UART_IRQHandler
                0x00000000080044b0      0x5cc ./Drivers/STM32F3xx_HAL_Driver/Src/stm32f3xx_hal_uart.o
                0x00000000080044b0                HAL_UART_IRQHandler
 .text.HAL_UART_TxCpltCallback
                0x0000000008004a7c       0x14 ./Drivers/STM32F3xx_HAL_Driver/Src/stm32f3xx_hal_uart.o
                0x0000000008004a7c                HAL_UART_TxCpltCallback
 .text.HAL_UART_ErrorCallback
                0x0000000008004a90       0x14 ./Drivers/STM32F3xx_HAL_Driver/Src/stm32f3xx_hal_uart.o
                0x0000000008004a90                HAL_UART_ErrorCallback
 .text.HAL_UARTEx_RxEventCallback
                0x0000000008004aa4       0x18 ./Drivers/STM32F3xx_HAL_Driver/Src/stm32f3xx_hal_uart.o
                0x0000000008004aa4                HAL_UARTEx_RxEventCallback
 .text.UART_SetConfig
                0x0000000008004abc      0x3a8 ./Drivers/STM32F3xx_HAL_Driver/Src/stm32f3xx_hal_uart.o
                0x0000000008004abc                UART_SetConfig
 .text.UART_AdvFeatureConfig
                0x0000000008004e64      0x144 ./Drivers/STM32F3xx_HAL_Driver/Src/stm32f3xx_hal_uart.o
                0x0000000008004e64                UART_AdvFeatureConfig
 .text.UART_CheckIdleState
                0x0000000008004fa8      0x150 ./Drivers/STM32F3xx_HAL_Driver/Src/stm32f3xx_hal_uart.o
                0x0000000008004fa8                UART_CheckIdleState
 .text.UART_WaitOnFlagUntilTimeout
                0x00000000080050f8       0xce ./Drivers/STM32F3xx_HAL_Driver/Src/stm32f3xx_hal_uart.o
                0x00000000080050f8                UART_WaitOnFlagUntilTimeout
 .text.UART_EndRxTransfer
                0x00000000080051c6       0xc8 ./Drivers/STM32F3xx_HAL_Driver/Src/stm32f3xx_hal_uart.o
 .text.UART_DMAAbortOnError
                0x000000000800528e       0x2c ./Drivers/STM32F3xx_HAL_Driver/Src/stm32f3xx_hal_uart.o
 .text.UART_EndTransmit_IT
                0x00000000080052ba       0x54 ./Drivers/STM32F3xx_HAL_Driver/Src/stm32f3xx_hal_uart.o
 .text.HAL_UARTEx_WakeupCallback
                0x000000000800530e       0x14 ./Drivers/STM32F3xx_HAL_Driver/Src/stm32f3xx_hal_uart_ex.o
                0x000000000800530e                HAL_UARTEx_WakeupCallback
 .text.USB_DisableGlobalInt
                0x0000000008005322       0x36 ./Drivers/STM32F3xx_HAL_Driver/Src/stm32f3xx_ll_usb.o
                0x0000000008005322                USB_DisableGlobalInt
 .text.USB_DevInit
                0x0000000008005358       0x42 ./Drivers/STM32F3xx_HAL_Driver/Src/stm32f3xx_ll_usb.o
                0x0000000008005358                USB_DevInit
 *fill*         0x000000000800539a        0x2 
 .text.__errno  0x000000000800539c        0xc c:/st/stm32cubeide_1.11.2/stm32cubeide/plugins/com.st.stm32cube.ide.mcu.externaltools.gnu-tools-for-stm32.10.3-2021.10.win32_1.0.100.202210260954/tools/bin/../lib/gcc/arm-none-eabi/10.3.1/../../../../arm-none-eabi/lib/thumb/v7e-m+fp/hard\libc_nano.a(lib_a-errno.o)
                0x000000000800539c                __errno
 .text.__libc_init_array
                0x00000000080053a8       0x48 c:/st/stm32cubeide_1.11.2/stm32cubeide/plugins/com.st.stm32cube.ide.mcu.externaltools.gnu-tools-for-stm32.10.3-2021.10.win32_1.0.100.202210260954/tools/bin/../lib/gcc/arm-none-eabi/10.3.1/../../../../arm-none-eabi/lib/thumb/v7e-m+fp/hard\libc_nano.a(lib_a-init.o)
                0x00000000080053a8                __libc_init_array
 .text.memset   0x00000000080053f0       0x10 c:/st/stm32cubeide_1.11.2/stm32cubeide/plugins/com.st.stm32cube.ide.mcu.externaltools.gnu-tools-for-stm32.10.3-2021.10.win32_1.0.100.202210260954/tools/bin/../lib/gcc/arm-none-eabi/10.3.1/../../../../arm-none-eabi/lib/thumb/v7e-m+fp/hard\libc_nano.a(lib_a-memset.o)
                0x00000000080053f0                memset
 .text.sprintf  0x0000000008005400       0x40 c:/st/stm32cubeide_1.11.2/stm32cubeide/plugins/com.st.stm32cube.ide.mcu.externaltools.gnu-tools-for-stm32.10.3-2021.10.win32_1.0.100.202210260954/tools/bin/../lib/gcc/arm-none-eabi/10.3.1/../../../../arm-none-eabi/lib/thumb/v7e-m+fp/hard\libc_nano.a(lib_a-sprintf.o)
                0x0000000008005400                siprintf
                0x0000000008005400                sprintf
 .text.__ssputs_r
                0x0000000008005440       0xb6 c:/st/stm32cubeide_1.11.2/stm32cubeide/plugins/com.st.stm32cube.ide.mcu.externaltools.gnu-tools-for-stm32.10.3-2021.10.win32_1.0.100.202210260954/tools/bin/../lib/gcc/arm-none-eabi/10.3.1/../../../../arm-none-eabi/lib/thumb/v7e-m+fp/hard\libc_nano.a(lib_a-nano-svfprintf.o)
                0x0000000008005440                __ssputs_r
 *fill*         0x00000000080054f6        0x2 
 .text._svfprintf_r
                0x00000000080054f8      0x200 c:/st/stm32cubeide_1.11.2/stm32cubeide/plugins/com.st.stm32cube.ide.mcu.externaltools.gnu-tools-for-stm32.10.3-2021.10.win32_1.0.100.202210260954/tools/bin/../lib/gcc/arm-none-eabi/10.3.1/../../../../arm-none-eabi/lib/thumb/v7e-m+fp/hard\libc_nano.a(lib_a-nano-svfprintf.o)
                0x00000000080054f8                _svfiprintf_r
                0x00000000080054f8                _svfprintf_r
 .text._printf_common
                0x00000000080056f8       0xda c:/st/stm32cubeide_1.11.2/stm32cubeide/plugins/com.st.stm32cube.ide.mcu.externaltools.gnu-tools-for-stm32.10.3-2021.10.win32_1.0.100.202210260954/tools/bin/../lib/gcc/arm-none-eabi/10.3.1/../../../../arm-none-eabi/lib/thumb/v7e-m+fp/hard\libc_nano.a(lib_a-nano-vfprintf_i.o)
                0x00000000080056f8                _printf_common
 *fill*         0x00000000080057d2        0x2 
 .text._printf_i
                0x00000000080057d4      0x24c c:/st/stm32cubeide_1.11.2/stm32cubeide/plugins/com.st.stm32cube.ide.mcu.externaltools.gnu-tools-for-stm32.10.3-2021.10.win32_1.0.100.202210260954/tools/bin/../lib/gcc/arm-none-eabi/10.3.1/../../../../arm-none-eabi/lib/thumb/v7e-m+fp/hard\libc_nano.a(lib_a-nano-vfprintf_i.o)
                0x00000000080057d4                _printf_i
 .text.memcpy   0x0000000008005a20       0x1c c:/st/stm32cubeide_1.11.2/stm32cubeide/plugins/com.st.stm32cube.ide.mcu.externaltools.gnu-tools-for-stm32.10.3-2021.10.win32_1.0.100.202210260954/tools/bin/../lib/gcc/arm-none-eabi/10.3.1/../../../../arm-none-eabi/lib/thumb/v7e-m+fp/hard\libc_nano.a(lib_a-memcpy-stub.o)
                0x0000000008005a20                memcpy
 .text.memmove  0x0000000008005a3c       0x34 c:/st/stm32cubeide_1.11.2/stm32cubeide/plugins/com.st.stm32cube.ide.mcu.externaltools.gnu-tools-for-stm32.10.3-2021.10.win32_1.0.100.202210260954/tools/bin/../lib/gcc/arm-none-eabi/10.3.1/../../../../arm-none-eabi/lib/thumb/v7e-m+fp/hard\libc_nano.a(lib_a-memmove.o)
                0x0000000008005a3c                memmove
 .text._free_r  0x0000000008005a70       0x98 c:/st/stm32cubeide_1.11.2/stm32cubeide/plugins/com.st.stm32cube.ide.mcu.externaltools.gnu-tools-for-stm32.10.3-2021.10.win32_1.0.100.202210260954/tools/bin/../lib/gcc/arm-none-eabi/10.3.1/../../../../arm-none-eabi/lib/thumb/v7e-m+fp/hard\libc_nano.a(lib_a-nano-freer.o)
                0x0000000008005a70                _free_r
 .text.sbrk_aligned
                0x0000000008005b08       0x40 c:/st/stm32cubeide_1.11.2/stm32cubeide/plugins/com.st.stm32cube.ide.mcu.externaltools.gnu-tools-for-stm32.10.3-2021.10.win32_1.0.100.202210260954/tools/bin/../lib/gcc/arm-none-eabi/10.3.1/../../../../arm-none-eabi/lib/thumb/v7e-m+fp/hard\libc_nano.a(lib_a-nano-mallocr.o)
 .text._malloc_r
                0x0000000008005b48       0xe8 c:/st/stm32cubeide_1.11.2/stm32cubeide/plugins/com.st.stm32cube.ide.mcu.externaltools.gnu-tools-for-stm32.10.3-2021.10.win32_1.0.100.202210260954/tools/bin/../lib/gcc/arm-none-eabi/10.3.1/../../../../arm-none-eabi/lib/thumb/v7e-m+fp/hard\libc_nano.a(lib_a-nano-mallocr.o)
                0x0000000008005b48                _malloc_r
 .text._realloc_r
                0x0000000008005c30       0x5e c:/st/stm32cubeide_1.11.2/stm32cubeide/plugins/com.st.stm32cube.ide.mcu.externaltools.gnu-tools-for-stm32.10.3-2021.10.win32_1.0.100.202210260954/tools/bin/../lib/gcc/arm-none-eabi/10.3.1/../../../../arm-none-eabi/lib/thumb/v7e-m+fp/hard\libc_nano.a(lib_a-nano-reallocr.o)
                0x0000000008005c30                _realloc_r
 *fill*         0x0000000008005c8e        0x2 
 .text._sbrk_r  0x0000000008005c90       0x20 c:/st/stm32cubeide_1.11.2/stm32cubeide/plugins/com.st.stm32cube.ide.mcu.externaltools.gnu-tools-for-stm32.10.3-2021.10.win32_1.0.100.202210260954/tools/bin/../lib/gcc/arm-none-eabi/10.3.1/../../../../arm-none-eabi/lib/thumb/v7e-m+fp/hard\libc_nano.a(lib_a-sbrkr.o)
                0x0000000008005c90                _sbrk_r
 .text.__malloc_lock
                0x0000000008005cb0        0xc c:/st/stm32cubeide_1.11.2/stm32cubeide/plugins/com.st.stm32cube.ide.mcu.externaltools.gnu-tools-for-stm32.10.3-2021.10.win32_1.0.100.202210260954/tools/bin/../lib/gcc/arm-none-eabi/10.3.1/../../../../arm-none-eabi/lib/thumb/v7e-m+fp/hard\libc_nano.a(lib_a-mlock.o)
                0x0000000008005cb0                __malloc_lock
 .text.__malloc_unlock
                0x0000000008005cbc        0xc c:/st/stm32cubeide_1.11.2/stm32cubeide/plugins/com.st.stm32cube.ide.mcu.externaltools.gnu-tools-for-stm32.10.3-2021.10.win32_1.0.100.202210260954/tools/bin/../lib/gcc/arm-none-eabi/10.3.1/../../../../arm-none-eabi/lib/thumb/v7e-m+fp/hard\libc_nano.a(lib_a-mlock.o)
                0x0000000008005cbc                __malloc_unlock
 .text._malloc_usable_size_r
                0x0000000008005cc8       0x10 c:/st/stm32cubeide_1.11.2/stm32cubeide/plugins/com.st.stm32cube.ide.mcu.externaltools.gnu-tools-for-stm32.10.3-2021.10.win32_1.0.100.202210260954/tools/bin/../lib/gcc/arm-none-eabi/10.3.1/../../../../arm-none-eabi/lib/thumb/v7e-m+fp/hard\libc_nano.a(lib_a-nano-msizer.o)
                0x0000000008005cc8                _malloc_usable_size_r
 .text.__retarget_lock_acquire_recursive
                0x0000000008005cd8        0x2 c:/st/stm32cubeide_1.11.2/stm32cubeide/plugins/com.st.stm32cube.ide.mcu.externaltools.gnu-tools-for-stm32.10.3-2021.10.win32_1.0.100.202210260954/tools/bin/../lib/gcc/arm-none-eabi/10.3.1/../../../../arm-none-eabi/lib/thumb/v7e-m+fp/hard\libc_nano.a(lib_a-lock.o)
                0x0000000008005cd8                __retarget_lock_acquire_recursive
 .text.__retarget_lock_release_recursive
                0x0000000008005cda        0x2 c:/st/stm32cubeide_1.11.2/stm32cubeide/plugins/com.st.stm32cube.ide.mcu.externaltools.gnu-tools-for-stm32.10.3-2021.10.win32_1.0.100.202210260954/tools/bin/../lib/gcc/arm-none-eabi/10.3.1/../../../../arm-none-eabi/lib/thumb/v7e-m+fp/hard\libc_nano.a(lib_a-lock.o)
                0x0000000008005cda                __retarget_lock_release_recursive
 *(.glue_7)
 .glue_7        0x0000000008005cdc        0x0 linker stubs
 *(.glue_7t)
 .glue_7t       0x0000000008005cdc        0x0 linker stubs
 *(.eh_frame)
 .eh_frame      0x0000000008005cdc        0x0 c:/st/stm32cubeide_1.11.2/stm32cubeide/plugins/com.st.stm32cube.ide.mcu.externaltools.gnu-tools-for-stm32.10.3-2021.10.win32_1.0.100.202210260954/tools/bin/../lib/gcc/arm-none-eabi/10.3.1/thumb/v7e-m+fp/hard/crtbegin.o
 *(.init)
 .init          0x0000000008005cdc        0x4 c:/st/stm32cubeide_1.11.2/stm32cubeide/plugins/com.st.stm32cube.ide.mcu.externaltools.gnu-tools-for-stm32.10.3-2021.10.win32_1.0.100.202210260954/tools/bin/../lib/gcc/arm-none-eabi/10.3.1/thumb/v7e-m+fp/hard/crti.o
                0x0000000008005cdc                _init
 .init          0x0000000008005ce0        0x8 c:/st/stm32cubeide_1.11.2/stm32cubeide/plugins/com.st.stm32cube.ide.mcu.externaltools.gnu-tools-for-stm32.10.3-2021.10.win32_1.0.100.202210260954/tools/bin/../lib/gcc/arm-none-eabi/10.3.1/thumb/v7e-m+fp/hard/crtn.o
 *(.fini)
 .fini          0x0000000008005ce8        0x4 c:/st/stm32cubeide_1.11.2/stm32cubeide/plugins/com.st.stm32cube.ide.mcu.externaltools.gnu-tools-for-stm32.10.3-2021.10.win32_1.0.100.202210260954/tools/bin/../lib/gcc/arm-none-eabi/10.3.1/thumb/v7e-m+fp/hard/crti.o
                0x0000000008005ce8                _fini
 .fini          0x0000000008005cec        0x8 c:/st/stm32cubeide_1.11.2/stm32cubeide/plugins/com.st.stm32cube.ide.mcu.externaltools.gnu-tools-for-stm32.10.3-2021.10.win32_1.0.100.202210260954/tools/bin/../lib/gcc/arm-none-eabi/10.3.1/thumb/v7e-m+fp/hard/crtn.o
                0x0000000008005cf4                . = ALIGN (0x4)
                0x0000000008005cf4                _etext = .

.vfp11_veneer   0x0000000008005cf4        0x0
 .vfp11_veneer  0x0000000008005cf4        0x0 linker stubs

.v4_bx          0x0000000008005cf4        0x0
 .v4_bx         0x0000000008005cf4        0x0 linker stubs

.iplt           0x0000000008005cf4        0x0
 .iplt          0x0000000008005cf4        0x0 c:/st/stm32cubeide_1.11.2/stm32cubeide/plugins/com.st.stm32cube.ide.mcu.externaltools.gnu-tools-for-stm32.10.3-2021.10.win32_1.0.100.202210260954/tools/bin/../lib/gcc/arm-none-eabi/10.3.1/thumb/v7e-m+fp/hard/crtbegin.o

.rodata         0x0000000008005cf4      0x168
                0x0000000008005cf4                . = ALIGN (0x4)
 *(.rodata)
 .rodata        0x0000000008005cf4       0xca ./Core/Src/main.o
 *(.rodata*)
 *fill*         0x0000000008005dbe        0x2 
 .rodata.Row_ports
                0x0000000008005dc0       0x10 ./Core/Src/main.o
                0x0000000008005dc0                Row_ports
 .rodata.Row_pins
                0x0000000008005dd0        0x8 ./Core/Src/main.o
                0x0000000008005dd0                Row_pins
 .rodata.Column_ports
                0x0000000008005dd8       0x10 ./Core/Src/main.o
                0x0000000008005dd8                Column_ports
 .rodata.Column_pins
                0x0000000008005de8        0x8 ./Core/Src/main.o
                0x0000000008005de8                Column_pins
 .rodata.AHBPrescTable
                0x0000000008005df0       0x10 ./Core/Src/system_stm32f3xx.o
                0x0000000008005df0                AHBPrescTable
 .rodata.APBPrescTable
                0x0000000008005e00        0x8 ./Core/Src/system_stm32f3xx.o
                0x0000000008005e00                APBPrescTable
 .rodata.aPLLMULFactorTable
                0x0000000008005e08       0x10 ./Drivers/STM32F3xx_HAL_Driver/Src/stm32f3xx_hal_rcc.o
 .rodata.aPredivFactorTable
                0x0000000008005e18       0x10 ./Drivers/STM32F3xx_HAL_Driver/Src/stm32f3xx_hal_rcc.o
 .rodata._svfprintf_r.str1.1
                0x0000000008005e28       0x11 c:/st/stm32cubeide_1.11.2/stm32cubeide/plugins/com.st.stm32cube.ide.mcu.externaltools.gnu-tools-for-stm32.10.3-2021.10.win32_1.0.100.202210260954/tools/bin/../lib/gcc/arm-none-eabi/10.3.1/../../../../arm-none-eabi/lib/thumb/v7e-m+fp/hard\libc_nano.a(lib_a-nano-svfprintf.o)
 .rodata._printf_i.str1.1
                0x0000000008005e39       0x22 c:/st/stm32cubeide_1.11.2/stm32cubeide/plugins/com.st.stm32cube.ide.mcu.externaltools.gnu-tools-for-stm32.10.3-2021.10.win32_1.0.100.202210260954/tools/bin/../lib/gcc/arm-none-eabi/10.3.1/../../../../arm-none-eabi/lib/thumb/v7e-m+fp/hard\libc_nano.a(lib_a-nano-vfprintf_i.o)
                0x0000000008005e5c                . = ALIGN (0x4)
 *fill*         0x0000000008005e5b        0x1 

.rel.dyn        0x0000000008005e5c        0x0
 .rel.iplt      0x0000000008005e5c        0x0 c:/st/stm32cubeide_1.11.2/stm32cubeide/plugins/com.st.stm32cube.ide.mcu.externaltools.gnu-tools-for-stm32.10.3-2021.10.win32_1.0.100.202210260954/tools/bin/../lib/gcc/arm-none-eabi/10.3.1/thumb/v7e-m+fp/hard/crtbegin.o

.ARM.extab      0x0000000008005e5c        0x0
                0x0000000008005e5c                . = ALIGN (0x4)
 *(.ARM.extab* .gnu.linkonce.armextab.*)
                0x0000000008005e5c                . = ALIGN (0x4)

.ARM            0x0000000008005e5c        0x0
                0x0000000008005e5c                . = ALIGN (0x4)
                0x0000000008005e5c                __exidx_start = .
 *(.ARM.exidx*)
                0x0000000008005e5c                __exidx_end = .
                0x0000000008005e5c                . = ALIGN (0x4)

.preinit_array  0x0000000008005e5c        0x0
                0x0000000008005e5c                . = ALIGN (0x4)
                0x0000000008005e5c                PROVIDE (__preinit_array_start = .)
 *(.preinit_array*)
                0x0000000008005e5c                PROVIDE (__preinit_array_end = .)
                0x0000000008005e5c                . = ALIGN (0x4)

.init_array     0x0000000008005e5c        0x4
                0x0000000008005e5c                . = ALIGN (0x4)
                0x0000000008005e5c                PROVIDE (__init_array_start = .)
 *(SORT_BY_NAME(.init_array.*))
 *(.init_array*)
 .init_array    0x0000000008005e5c        0x4 c:/st/stm32cubeide_1.11.2/stm32cubeide/plugins/com.st.stm32cube.ide.mcu.externaltools.gnu-tools-for-stm32.10.3-2021.10.win32_1.0.100.202210260954/tools/bin/../lib/gcc/arm-none-eabi/10.3.1/thumb/v7e-m+fp/hard/crtbegin.o
                0x0000000008005e60                PROVIDE (__init_array_end = .)
                0x0000000008005e60                . = ALIGN (0x4)

.fini_array     0x0000000008005e60        0x4
                0x0000000008005e60                . = ALIGN (0x4)
                [!provide]                        PROVIDE (__fini_array_start = .)
 *(SORT_BY_NAME(.fini_array.*))
 *(.fini_array*)
 .fini_array    0x0000000008005e60        0x4 c:/st/stm32cubeide_1.11.2/stm32cubeide/plugins/com.st.stm32cube.ide.mcu.externaltools.gnu-tools-for-stm32.10.3-2021.10.win32_1.0.100.202210260954/tools/bin/../lib/gcc/arm-none-eabi/10.3.1/thumb/v7e-m+fp/hard/crtbegin.o
                [!provide]                        PROVIDE (__fini_array_end = .)
                0x0000000008005e64                . = ALIGN (0x4)
                0x0000000008005e64                _sidata = LOADADDR (.data)

.data           0x0000000020000000       0x7c load address 0x0000000008005e64
                0x0000000020000000                . = ALIGN (0x4)
                0x0000000020000000                _sdata = .
 *(.data)
 *(.data*)
 .data._fourbit_mode
                0x0000000020000000        0x1 ./Core/Src/LiquidCrystal.o
                0x0000000020000000                _fourbit_mode
 *fill*         0x0000000020000001        0x3 
 .data.bottomFox
                0x0000000020000004        0x8 ./Core/Src/main.o
                0x0000000020000004                bottomFox
 .data.SystemCoreClock
                0x000000002000000c        0x4 ./Core/Src/system_stm32f3xx.o
                0x000000002000000c                SystemCoreClock
 .data.uwTickPrio
                0x0000000020000010        0x4 ./Drivers/STM32F3xx_HAL_Driver/Src/stm32f3xx_hal.o
                0x0000000020000010                uwTickPrio
 .data.uwTickFreq
                0x0000000020000014        0x1 ./Drivers/STM32F3xx_HAL_Driver/Src/stm32f3xx_hal.o
                0x0000000020000014                uwTickFreq
 *fill*         0x0000000020000015        0x3 
 .data._impure_ptr
                0x0000000020000018        0x4 c:/st/stm32cubeide_1.11.2/stm32cubeide/plugins/com.st.stm32cube.ide.mcu.externaltools.gnu-tools-for-stm32.10.3-2021.10.win32_1.0.100.202210260954/tools/bin/../lib/gcc/arm-none-eabi/10.3.1/../../../../arm-none-eabi/lib/thumb/v7e-m+fp/hard\libc_nano.a(lib_a-impure.o)
                0x0000000020000018                _impure_ptr
 .data.impure_data
                0x000000002000001c       0x60 c:/st/stm32cubeide_1.11.2/stm32cubeide/plugins/com.st.stm32cube.ide.mcu.externaltools.gnu-tools-for-stm32.10.3-2021.10.win32_1.0.100.202210260954/tools/bin/../lib/gcc/arm-none-eabi/10.3.1/../../../../arm-none-eabi/lib/thumb/v7e-m+fp/hard\libc_nano.a(lib_a-impure.o)
 *(.RamFunc)
 *(.RamFunc*)
                0x000000002000007c                . = ALIGN (0x4)
                0x000000002000007c                _edata = .
                0x0000000008005ee0                _siccmram = LOADADDR (.ccmram)

.igot.plt       0x000000002000007c        0x0 load address 0x0000000008005ee0
 .igot.plt      0x000000002000007c        0x0 c:/st/stm32cubeide_1.11.2/stm32cubeide/plugins/com.st.stm32cube.ide.mcu.externaltools.gnu-tools-for-stm32.10.3-2021.10.win32_1.0.100.202210260954/tools/bin/../lib/gcc/arm-none-eabi/10.3.1/thumb/v7e-m+fp/hard/crtbegin.o

.ccmram         0x0000000010000000        0x0 load address 0x0000000008005ee0
                0x0000000010000000                . = ALIGN (0x4)
                0x0000000010000000                _sccmram = .
 *(.ccmram)
 *(.ccmram*)
                0x0000000010000000                . = ALIGN (0x4)
                0x0000000010000000                _eccmram = .
                0x0000000010000000                . = ALIGN (0x4)

.bss            0x000000002000007c      0x4ac
                0x000000002000007c                _sbss = .
                0x000000002000007c                __bss_start__ = _sbss
 *(.bss)
 .bss           0x000000002000007c       0x1c c:/st/stm32cubeide_1.11.2/stm32cubeide/plugins/com.st.stm32cube.ide.mcu.externaltools.gnu-tools-for-stm32.10.3-2021.10.win32_1.0.100.202210260954/tools/bin/../lib/gcc/arm-none-eabi/10.3.1/thumb/v7e-m+fp/hard/crtbegin.o
 *(.bss*)
 .bss.dotsize   0x0000000020000098        0x1 ./Core/Src/LiquidCrystal.o
                0x0000000020000098                dotsize
 *fill*         0x0000000020000099        0x1 
 .bss._rs_pin   0x000000002000009a        0x2 ./Core/Src/LiquidCrystal.o
                0x000000002000009a                _rs_pin
 .bss._rw_pin   0x000000002000009c        0x2 ./Core/Src/LiquidCrystal.o
                0x000000002000009c                _rw_pin
 .bss._enable_pin
                0x000000002000009e        0x2 ./Core/Src/LiquidCrystal.o
                0x000000002000009e                _enable_pin
 .bss._data_pins
                0x00000000200000a0       0x10 ./Core/Src/LiquidCrystal.o
                0x00000000200000a0                _data_pins
 .bss._port     0x00000000200000b0        0x4 ./Core/Src/LiquidCrystal.o
                0x00000000200000b0                _port
 .bss._displayfunction
                0x00000000200000b4        0x1 ./Core/Src/LiquidCrystal.o
                0x00000000200000b4                _displayfunction
 .bss._displaycontrol
                0x00000000200000b5        0x1 ./Core/Src/LiquidCrystal.o
                0x00000000200000b5                _displaycontrol
 .bss._displaymode
                0x00000000200000b6        0x1 ./Core/Src/LiquidCrystal.o
                0x00000000200000b6                _displaymode
 .bss._numlines
                0x00000000200000b7        0x1 ./Core/Src/LiquidCrystal.o
                0x00000000200000b7                _numlines
 .bss._row_offsets
                0x00000000200000b8        0x4 ./Core/Src/LiquidCrystal.o
                0x00000000200000b8                _row_offsets
 .bss.hi2c1     0x00000000200000bc       0x54 ./Core/Src/main.o
                0x00000000200000bc                hi2c1
 .bss.hrtc      0x0000000020000110       0x20 ./Core/Src/main.o
                0x0000000020000110                hrtc
 .bss.hspi1     0x0000000020000130       0x64 ./Core/Src/main.o
                0x0000000020000130                hspi1
 .bss.huart1    0x0000000020000194       0x88 ./Core/Src/main.o
                0x0000000020000194                huart1
 .bss.hpcd_USB_FS
                0x000000002000021c      0x2ec ./Core/Src/main.o
                0x000000002000021c                hpcd_USB_FS
 .bss.screen    0x0000000020000508        0x4 ./Core/Src/main.o
                0x0000000020000508                screen
 .bss.last_gpio_exti
                0x000000002000050c        0x4 ./Core/Src/main.o
                0x000000002000050c                last_gpio_exti
 .bss.__sbrk_heap_end
                0x0000000020000510        0x4 ./Core/Src/sysmem.o
 .bss.uwTick    0x0000000020000514        0x4 ./Drivers/STM32F3xx_HAL_Driver/Src/stm32f3xx_hal.o
                0x0000000020000514                uwTick
 .bss.__malloc_free_list
                0x0000000020000518        0x4 c:/st/stm32cubeide_1.11.2/stm32cubeide/plugins/com.st.stm32cube.ide.mcu.externaltools.gnu-tools-for-stm32.10.3-2021.10.win32_1.0.100.202210260954/tools/bin/../lib/gcc/arm-none-eabi/10.3.1/../../../../arm-none-eabi/lib/thumb/v7e-m+fp/hard\libc_nano.a(lib_a-nano-mallocr.o)
                0x0000000020000518                __malloc_free_list
 .bss.__malloc_sbrk_start
                0x000000002000051c        0x4 c:/st/stm32cubeide_1.11.2/stm32cubeide/plugins/com.st.stm32cube.ide.mcu.externaltools.gnu-tools-for-stm32.10.3-2021.10.win32_1.0.100.202210260954/tools/bin/../lib/gcc/arm-none-eabi/10.3.1/../../../../arm-none-eabi/lib/thumb/v7e-m+fp/hard\libc_nano.a(lib_a-nano-mallocr.o)
                0x000000002000051c                __malloc_sbrk_start
 .bss.errno     0x0000000020000520        0x4 c:/st/stm32cubeide_1.11.2/stm32cubeide/plugins/com.st.stm32cube.ide.mcu.externaltools.gnu-tools-for-stm32.10.3-2021.10.win32_1.0.100.202210260954/tools/bin/../lib/gcc/arm-none-eabi/10.3.1/../../../../arm-none-eabi/lib/thumb/v7e-m+fp/hard\libc_nano.a(lib_a-reent.o)
                0x0000000020000520                errno
 .bss.__lock___malloc_recursive_mutex
                0x0000000020000524        0x1 c:/st/stm32cubeide_1.11.2/stm32cubeide/plugins/com.st.stm32cube.ide.mcu.externaltools.gnu-tools-for-stm32.10.3-2021.10.win32_1.0.100.202210260954/tools/bin/../lib/gcc/arm-none-eabi/10.3.1/../../../../arm-none-eabi/lib/thumb/v7e-m+fp/hard\libc_nano.a(lib_a-lock.o)
                0x0000000020000524                __lock___malloc_recursive_mutex
 *(COMMON)
                0x0000000020000528                . = ALIGN (0x4)
 *fill*         0x0000000020000525        0x3 
                0x0000000020000528                _ebss = .
                0x0000000020000528                __bss_end__ = _ebss

._user_heap_stack
                0x0000000020000528      0x600
                0x0000000020000528                . = ALIGN (0x8)
                [!provide]                        PROVIDE (end = .)
                0x0000000020000528                PROVIDE (_end = .)
                0x0000000020000728                . = (. + _Min_Heap_Size)
 *fill*         0x0000000020000528      0x200 
                0x0000000020000b28                . = (. + _Min_Stack_Size)
 *fill*         0x0000000020000728      0x400 
                0x0000000020000b28                . = ALIGN (0x8)

/DISCARD/
 libc.a(*)
 libm.a(*)
 libgcc.a(*)

.ARM.attributes
                0x0000000000000000       0x30
 *(.ARM.attributes)
 .ARM.attributes
                0x0000000000000000       0x1e c:/st/stm32cubeide_1.11.2/stm32cubeide/plugins/com.st.stm32cube.ide.mcu.externaltools.gnu-tools-for-stm32.10.3-2021.10.win32_1.0.100.202210260954/tools/bin/../lib/gcc/arm-none-eabi/10.3.1/thumb/v7e-m+fp/hard/crti.o
 .ARM.attributes
                0x000000000000001e       0x34 c:/st/stm32cubeide_1.11.2/stm32cubeide/plugins/com.st.stm32cube.ide.mcu.externaltools.gnu-tools-for-stm32.10.3-2021.10.win32_1.0.100.202210260954/tools/bin/../lib/gcc/arm-none-eabi/10.3.1/thumb/v7e-m+fp/hard/crtbegin.o
 .ARM.attributes
                0x0000000000000052       0x34 ./Core/Src/LiquidCrystal.o
 .ARM.attributes
                0x0000000000000086       0x34 ./Core/Src/main.o
 .ARM.attributes
                0x00000000000000ba       0x34 ./Core/Src/stm32f3xx_hal_msp.o
 .ARM.attributes
                0x00000000000000ee       0x34 ./Core/Src/stm32f3xx_it.o
 .ARM.attributes
                0x0000000000000122       0x34 ./Core/Src/sysmem.o
 .ARM.attributes
                0x0000000000000156       0x34 ./Core/Src/system_stm32f3xx.o
 .ARM.attributes
                0x000000000000018a       0x21 ./Core/Startup/startup_stm32f303vctx.o
 .ARM.attributes
                0x00000000000001ab       0x34 ./Drivers/STM32F3xx_HAL_Driver/Src/stm32f3xx_hal.o
 .ARM.attributes
                0x00000000000001df       0x34 ./Drivers/STM32F3xx_HAL_Driver/Src/stm32f3xx_hal_cortex.o
 .ARM.attributes
                0x0000000000000213       0x34 ./Drivers/STM32F3xx_HAL_Driver/Src/stm32f3xx_hal_dma.o
 .ARM.attributes
                0x0000000000000247       0x34 ./Drivers/STM32F3xx_HAL_Driver/Src/stm32f3xx_hal_gpio.o
 .ARM.attributes
                0x000000000000027b       0x34 ./Drivers/STM32F3xx_HAL_Driver/Src/stm32f3xx_hal_i2c.o
 .ARM.attributes
                0x00000000000002af       0x34 ./Drivers/STM32F3xx_HAL_Driver/Src/stm32f3xx_hal_i2c_ex.o
 .ARM.attributes
                0x00000000000002e3       0x34 ./Drivers/STM32F3xx_HAL_Driver/Src/stm32f3xx_hal_pcd.o
 .ARM.attributes
                0x0000000000000317       0x34 ./Drivers/STM32F3xx_HAL_Driver/Src/stm32f3xx_hal_rcc.o
 .ARM.attributes
                0x000000000000034b       0x34 ./Drivers/STM32F3xx_HAL_Driver/Src/stm32f3xx_hal_rcc_ex.o
 .ARM.attributes
                0x000000000000037f       0x34 ./Drivers/STM32F3xx_HAL_Driver/Src/stm32f3xx_hal_rtc.o
 .ARM.attributes
                0x00000000000003b3       0x34 ./Drivers/STM32F3xx_HAL_Driver/Src/stm32f3xx_hal_spi.o
 .ARM.attributes
                0x00000000000003e7       0x34 ./Drivers/STM32F3xx_HAL_Driver/Src/stm32f3xx_hal_uart.o
 .ARM.attributes
                0x000000000000041b       0x34 ./Drivers/STM32F3xx_HAL_Driver/Src/stm32f3xx_hal_uart_ex.o
 .ARM.attributes
                0x000000000000044f       0x34 ./Drivers/STM32F3xx_HAL_Driver/Src/stm32f3xx_ll_usb.o
 .ARM.attributes
                0x0000000000000483       0x34 c:/st/stm32cubeide_1.11.2/stm32cubeide/plugins/com.st.stm32cube.ide.mcu.externaltools.gnu-tools-for-stm32.10.3-2021.10.win32_1.0.100.202210260954/tools/bin/../lib/gcc/arm-none-eabi/10.3.1/../../../../arm-none-eabi/lib/thumb/v7e-m+fp/hard\libc_nano.a(lib_a-errno.o)
 .ARM.attributes
                0x00000000000004b7       0x34 c:/st/stm32cubeide_1.11.2/stm32cubeide/plugins/com.st.stm32cube.ide.mcu.externaltools.gnu-tools-for-stm32.10.3-2021.10.win32_1.0.100.202210260954/tools/bin/../lib/gcc/arm-none-eabi/10.3.1/../../../../arm-none-eabi/lib/thumb/v7e-m+fp/hard\libc_nano.a(lib_a-impure.o)
 .ARM.attributes
                0x00000000000004eb       0x34 c:/st/stm32cubeide_1.11.2/stm32cubeide/plugins/com.st.stm32cube.ide.mcu.externaltools.gnu-tools-for-stm32.10.3-2021.10.win32_1.0.100.202210260954/tools/bin/../lib/gcc/arm-none-eabi/10.3.1/../../../../arm-none-eabi/lib/thumb/v7e-m+fp/hard\libc_nano.a(lib_a-init.o)
 .ARM.attributes
                0x000000000000051f       0x34 c:/st/stm32cubeide_1.11.2/stm32cubeide/plugins/com.st.stm32cube.ide.mcu.externaltools.gnu-tools-for-stm32.10.3-2021.10.win32_1.0.100.202210260954/tools/bin/../lib/gcc/arm-none-eabi/10.3.1/../../../../arm-none-eabi/lib/thumb/v7e-m+fp/hard\libc_nano.a(lib_a-memset.o)
 .ARM.attributes
                0x0000000000000553       0x34 c:/st/stm32cubeide_1.11.2/stm32cubeide/plugins/com.st.stm32cube.ide.mcu.externaltools.gnu-tools-for-stm32.10.3-2021.10.win32_1.0.100.202210260954/tools/bin/../lib/gcc/arm-none-eabi/10.3.1/../../../../arm-none-eabi/lib/thumb/v7e-m+fp/hard\libc_nano.a(lib_a-sprintf.o)
 .ARM.attributes
                0x0000000000000587       0x17 c:/st/stm32cubeide_1.11.2/stm32cubeide/plugins/com.st.stm32cube.ide.mcu.externaltools.gnu-tools-for-stm32.10.3-2021.10.win32_1.0.100.202210260954/tools/bin/../lib/gcc/arm-none-eabi/10.3.1/../../../../arm-none-eabi/lib/thumb/v7e-m+fp/hard\libc_nano.a(lib_a-strlen.o)
 .ARM.attributes
                0x000000000000059e       0x34 c:/st/stm32cubeide_1.11.2/stm32cubeide/plugins/com.st.stm32cube.ide.mcu.externaltools.gnu-tools-for-stm32.10.3-2021.10.win32_1.0.100.202210260954/tools/bin/../lib/gcc/arm-none-eabi/10.3.1/../../../../arm-none-eabi/lib/thumb/v7e-m+fp/hard\libc_nano.a(lib_a-nano-svfprintf.o)
 .ARM.attributes
                0x00000000000005d2       0x34 c:/st/stm32cubeide_1.11.2/stm32cubeide/plugins/com.st.stm32cube.ide.mcu.externaltools.gnu-tools-for-stm32.10.3-2021.10.win32_1.0.100.202210260954/tools/bin/../lib/gcc/arm-none-eabi/10.3.1/../../../../arm-none-eabi/lib/thumb/v7e-m+fp/hard\libc_nano.a(lib_a-nano-vfprintf_i.o)
 .ARM.attributes
                0x0000000000000606       0x1c c:/st/stm32cubeide_1.11.2/stm32cubeide/plugins/com.st.stm32cube.ide.mcu.externaltools.gnu-tools-for-stm32.10.3-2021.10.win32_1.0.100.202210260954/tools/bin/../lib/gcc/arm-none-eabi/10.3.1/../../../../arm-none-eabi/lib/thumb/v7e-m+fp/hard\libc_nano.a(lib_a-memchr.o)
 .ARM.attributes
                0x0000000000000622       0x34 c:/st/stm32cubeide_1.11.2/stm32cubeide/plugins/com.st.stm32cube.ide.mcu.externaltools.gnu-tools-for-stm32.10.3-2021.10.win32_1.0.100.202210260954/tools/bin/../lib/gcc/arm-none-eabi/10.3.1/../../../../arm-none-eabi/lib/thumb/v7e-m+fp/hard\libc_nano.a(lib_a-memcpy-stub.o)
 .ARM.attributes
                0x0000000000000656       0x34 c:/st/stm32cubeide_1.11.2/stm32cubeide/plugins/com.st.stm32cube.ide.mcu.externaltools.gnu-tools-for-stm32.10.3-2021.10.win32_1.0.100.202210260954/tools/bin/../lib/gcc/arm-none-eabi/10.3.1/../../../../arm-none-eabi/lib/thumb/v7e-m+fp/hard\libc_nano.a(lib_a-memmove.o)
 .ARM.attributes
                0x000000000000068a       0x34 c:/st/stm32cubeide_1.11.2/stm32cubeide/plugins/com.st.stm32cube.ide.mcu.externaltools.gnu-tools-for-stm32.10.3-2021.10.win32_1.0.100.202210260954/tools/bin/../lib/gcc/arm-none-eabi/10.3.1/../../../../arm-none-eabi/lib/thumb/v7e-m+fp/hard\libc_nano.a(lib_a-nano-freer.o)
 .ARM.attributes
                0x00000000000006be       0x34 c:/st/stm32cubeide_1.11.2/stm32cubeide/plugins/com.st.stm32cube.ide.mcu.externaltools.gnu-tools-for-stm32.10.3-2021.10.win32_1.0.100.202210260954/tools/bin/../lib/gcc/arm-none-eabi/10.3.1/../../../../arm-none-eabi/lib/thumb/v7e-m+fp/hard\libc_nano.a(lib_a-nano-mallocr.o)
 .ARM.attributes
                0x00000000000006f2       0x34 c:/st/stm32cubeide_1.11.2/stm32cubeide/plugins/com.st.stm32cube.ide.mcu.externaltools.gnu-tools-for-stm32.10.3-2021.10.win32_1.0.100.202210260954/tools/bin/../lib/gcc/arm-none-eabi/10.3.1/../../../../arm-none-eabi/lib/thumb/v7e-m+fp/hard\libc_nano.a(lib_a-nano-reallocr.o)
 .ARM.attributes
                0x0000000000000726       0x34 c:/st/stm32cubeide_1.11.2/stm32cubeide/plugins/com.st.stm32cube.ide.mcu.externaltools.gnu-tools-for-stm32.10.3-2021.10.win32_1.0.100.202210260954/tools/bin/../lib/gcc/arm-none-eabi/10.3.1/../../../../arm-none-eabi/lib/thumb/v7e-m+fp/hard\libc_nano.a(lib_a-sbrkr.o)
 .ARM.attributes
                0x000000000000075a       0x34 c:/st/stm32cubeide_1.11.2/stm32cubeide/plugins/com.st.stm32cube.ide.mcu.externaltools.gnu-tools-for-stm32.10.3-2021.10.win32_1.0.100.202210260954/tools/bin/../lib/gcc/arm-none-eabi/10.3.1/../../../../arm-none-eabi/lib/thumb/v7e-m+fp/hard\libc_nano.a(lib_a-mlock.o)
 .ARM.attributes
                0x000000000000078e       0x34 c:/st/stm32cubeide_1.11.2/stm32cubeide/plugins/com.st.stm32cube.ide.mcu.externaltools.gnu-tools-for-stm32.10.3-2021.10.win32_1.0.100.202210260954/tools/bin/../lib/gcc/arm-none-eabi/10.3.1/../../../../arm-none-eabi/lib/thumb/v7e-m+fp/hard\libc_nano.a(lib_a-nano-msizer.o)
 .ARM.attributes
                0x00000000000007c2       0x34 c:/st/stm32cubeide_1.11.2/stm32cubeide/plugins/com.st.stm32cube.ide.mcu.externaltools.gnu-tools-for-stm32.10.3-2021.10.win32_1.0.100.202210260954/tools/bin/../lib/gcc/arm-none-eabi/10.3.1/../../../../arm-none-eabi/lib/thumb/v7e-m+fp/hard\libc_nano.a(lib_a-reent.o)
 .ARM.attributes
                0x00000000000007f6       0x34 c:/st/stm32cubeide_1.11.2/stm32cubeide/plugins/com.st.stm32cube.ide.mcu.externaltools.gnu-tools-for-stm32.10.3-2021.10.win32_1.0.100.202210260954/tools/bin/../lib/gcc/arm-none-eabi/10.3.1/../../../../arm-none-eabi/lib/thumb/v7e-m+fp/hard\libc_nano.a(lib_a-lock.o)
 .ARM.attributes
                0x000000000000082a       0x1e c:/st/stm32cubeide_1.11.2/stm32cubeide/plugins/com.st.stm32cube.ide.mcu.externaltools.gnu-tools-for-stm32.10.3-2021.10.win32_1.0.100.202210260954/tools/bin/../lib/gcc/arm-none-eabi/10.3.1/thumb/v7e-m+fp/hard/crtn.o
OUTPUT(TankGame.elf elf32-littlearm)
LOAD linker stubs
LOAD c:/st/stm32cubeide_1.11.2/stm32cubeide/plugins/com.st.stm32cube.ide.mcu.externaltools.gnu-tools-for-stm32.10.3-2021.10.win32_1.0.100.202210260954/tools/bin/../lib/gcc/arm-none-eabi/10.3.1/../../../../arm-none-eabi/lib/thumb/v7e-m+fp/hard\libc.a
LOAD c:/st/stm32cubeide_1.11.2/stm32cubeide/plugins/com.st.stm32cube.ide.mcu.externaltools.gnu-tools-for-stm32.10.3-2021.10.win32_1.0.100.202210260954/tools/bin/../lib/gcc/arm-none-eabi/10.3.1/../../../../arm-none-eabi/lib/thumb/v7e-m+fp/hard\libm.a
LOAD c:/st/stm32cubeide_1.11.2/stm32cubeide/plugins/com.st.stm32cube.ide.mcu.externaltools.gnu-tools-for-stm32.10.3-2021.10.win32_1.0.100.202210260954/tools/bin/../lib/gcc/arm-none-eabi/10.3.1/thumb/v7e-m+fp/hard\libgcc.a

.debug_info     0x0000000000000000    0x15c8f
 .debug_info    0x0000000000000000      0xa47 ./Core/Src/LiquidCrystal.o
 .debug_info    0x0000000000000a47     0x2353 ./Core/Src/main.o
 .debug_info    0x0000000000002d9a     0x1b6b ./Core/Src/stm32f3xx_hal_msp.o
 .debug_info    0x0000000000004905      0x764 ./Core/Src/stm32f3xx_it.o
 .debug_info    0x0000000000005069      0x171 ./Core/Src/sysmem.o
 .debug_info    0x00000000000051da      0x416 ./Core/Src/system_stm32f3xx.o
 .debug_info    0x00000000000055f0       0x22 ./Core/Startup/startup_stm32f303vctx.o
 .debug_info    0x0000000000005612      0x807 ./Drivers/STM32F3xx_HAL_Driver/Src/stm32f3xx_hal.o
 .debug_info    0x0000000000005e19      0xd85 ./Drivers/STM32F3xx_HAL_Driver/Src/stm32f3xx_hal_cortex.o
 .debug_info    0x0000000000006b9e      0x757 ./Drivers/STM32F3xx_HAL_Driver/Src/stm32f3xx_hal_dma.o
 .debug_info    0x00000000000072f5      0x68a ./Drivers/STM32F3xx_HAL_Driver/Src/stm32f3xx_hal_gpio.o
 .debug_info    0x000000000000797f     0x226b ./Drivers/STM32F3xx_HAL_Driver/Src/stm32f3xx_hal_i2c.o
 .debug_info    0x0000000000009bea      0x8ab ./Drivers/STM32F3xx_HAL_Driver/Src/stm32f3xx_hal_i2c_ex.o
 .debug_info    0x000000000000a495     0x1784 ./Drivers/STM32F3xx_HAL_Driver/Src/stm32f3xx_hal_pcd.o
 .debug_info    0x000000000000bc19     0x1585 ./Drivers/STM32F3xx_HAL_Driver/Src/stm32f3xx_hal_rcc.o
 .debug_info    0x000000000000d19e      0x628 ./Drivers/STM32F3xx_HAL_Driver/Src/stm32f3xx_hal_rcc_ex.o
 .debug_info    0x000000000000d7c6      0xd31 ./Drivers/STM32F3xx_HAL_Driver/Src/stm32f3xx_hal_rtc.o
 .debug_info    0x000000000000e4f7     0x178c ./Drivers/STM32F3xx_HAL_Driver/Src/stm32f3xx_hal_spi.o
 .debug_info    0x000000000000fc83     0x3bf8 ./Drivers/STM32F3xx_HAL_Driver/Src/stm32f3xx_hal_uart.o
 .debug_info    0x000000000001387b      0xd23 ./Drivers/STM32F3xx_HAL_Driver/Src/stm32f3xx_hal_uart_ex.o
 .debug_info    0x000000000001459e     0x16f1 ./Drivers/STM32F3xx_HAL_Driver/Src/stm32f3xx_ll_usb.o

.debug_abbrev   0x0000000000000000     0x2c24
 .debug_abbrev  0x0000000000000000      0x283 ./Core/Src/LiquidCrystal.o
 .debug_abbrev  0x0000000000000283      0x35b ./Core/Src/main.o
 .debug_abbrev  0x00000000000005de      0x263 ./Core/Src/stm32f3xx_hal_msp.o
 .debug_abbrev  0x0000000000000841      0x166 ./Core/Src/stm32f3xx_it.o
 .debug_abbrev  0x00000000000009a7       0xbb ./Core/Src/sysmem.o
 .debug_abbrev  0x0000000000000a62      0x116 ./Core/Src/system_stm32f3xx.o
 .debug_abbrev  0x0000000000000b78       0x12 ./Core/Startup/startup_stm32f303vctx.o
 .debug_abbrev  0x0000000000000b8a      0x20e ./Drivers/STM32F3xx_HAL_Driver/Src/stm32f3xx_hal.o
 .debug_abbrev  0x0000000000000d98      0x316 ./Drivers/STM32F3xx_HAL_Driver/Src/stm32f3xx_hal_cortex.o
 .debug_abbrev  0x00000000000010ae      0x1fe ./Drivers/STM32F3xx_HAL_Driver/Src/stm32f3xx_hal_dma.o
 .debug_abbrev  0x00000000000012ac      0x1bb ./Drivers/STM32F3xx_HAL_Driver/Src/stm32f3xx_hal_gpio.o
 .debug_abbrev  0x0000000000001467      0x24a ./Drivers/STM32F3xx_HAL_Driver/Src/stm32f3xx_hal_i2c.o
 .debug_abbrev  0x00000000000016b1      0x1b0 ./Drivers/STM32F3xx_HAL_Driver/Src/stm32f3xx_hal_i2c_ex.o
 .debug_abbrev  0x0000000000001861      0x2c0 ./Drivers/STM32F3xx_HAL_Driver/Src/stm32f3xx_hal_pcd.o
 .debug_abbrev  0x0000000000001b21      0x2f9 ./Drivers/STM32F3xx_HAL_Driver/Src/stm32f3xx_hal_rcc.o
 .debug_abbrev  0x0000000000001e1a      0x240 ./Drivers/STM32F3xx_HAL_Driver/Src/stm32f3xx_hal_rcc_ex.o
 .debug_abbrev  0x000000000000205a      0x1e0 ./Drivers/STM32F3xx_HAL_Driver/Src/stm32f3xx_hal_rtc.o
 .debug_abbrev  0x000000000000223a      0x254 ./Drivers/STM32F3xx_HAL_Driver/Src/stm32f3xx_hal_spi.o
 .debug_abbrev  0x000000000000248e      0x2bc ./Drivers/STM32F3xx_HAL_Driver/Src/stm32f3xx_hal_uart.o
 .debug_abbrev  0x000000000000274a      0x2ab ./Drivers/STM32F3xx_HAL_Driver/Src/stm32f3xx_hal_uart_ex.o
 .debug_abbrev  0x00000000000029f5      0x22f ./Drivers/STM32F3xx_HAL_Driver/Src/stm32f3xx_ll_usb.o

.debug_aranges  0x0000000000000000     0x1090
 .debug_aranges
                0x0000000000000000       0xf8 ./Core/Src/LiquidCrystal.o
 .debug_aranges
                0x00000000000000f8       0x78 ./Core/Src/main.o
 .debug_aranges
                0x0000000000000170       0x70 ./Core/Src/stm32f3xx_hal_msp.o
 .debug_aranges
                0x00000000000001e0       0x70 ./Core/Src/stm32f3xx_it.o
 .debug_aranges
                0x0000000000000250       0x20 ./Core/Src/sysmem.o
 .debug_aranges
                0x0000000000000270       0x28 ./Core/Src/system_stm32f3xx.o
 .debug_aranges
                0x0000000000000298       0x28 ./Core/Startup/startup_stm32f303vctx.o
 .debug_aranges
                0x00000000000002c0       0xe0 ./Drivers/STM32F3xx_HAL_Driver/Src/stm32f3xx_hal.o
 .debug_aranges
                0x00000000000003a0      0x118 ./Drivers/STM32F3xx_HAL_Driver/Src/stm32f3xx_hal_cortex.o
 .debug_aranges
                0x00000000000004b8       0x88 ./Drivers/STM32F3xx_HAL_Driver/Src/stm32f3xx_hal_dma.o
 .debug_aranges
                0x0000000000000540       0x58 ./Drivers/STM32F3xx_HAL_Driver/Src/stm32f3xx_hal_gpio.o
 .debug_aranges
                0x0000000000000598      0x2a0 ./Drivers/STM32F3xx_HAL_Driver/Src/stm32f3xx_hal_i2c.o
 .debug_aranges
                0x0000000000000838       0x48 ./Drivers/STM32F3xx_HAL_Driver/Src/stm32f3xx_hal_i2c_ex.o
 .debug_aranges
                0x0000000000000880      0x140 ./Drivers/STM32F3xx_HAL_Driver/Src/stm32f3xx_hal_pcd.o
 .debug_aranges
                0x00000000000009c0       0x88 ./Drivers/STM32F3xx_HAL_Driver/Src/stm32f3xx_hal_rcc.o
 .debug_aranges
                0x0000000000000a48       0x38 ./Drivers/STM32F3xx_HAL_Driver/Src/stm32f3xx_hal_rcc_ex.o
 .debug_aranges
                0x0000000000000a80       0xe8 ./Drivers/STM32F3xx_HAL_Driver/Src/stm32f3xx_hal_rtc.o
 .debug_aranges
                0x0000000000000b68      0x1d8 ./Drivers/STM32F3xx_HAL_Driver/Src/stm32f3xx_hal_spi.o
 .debug_aranges
                0x0000000000000d40      0x228 ./Drivers/STM32F3xx_HAL_Driver/Src/stm32f3xx_hal_uart.o
 .debug_aranges
                0x0000000000000f68       0x70 ./Drivers/STM32F3xx_HAL_Driver/Src/stm32f3xx_hal_uart_ex.o
 .debug_aranges
                0x0000000000000fd8       0xb8 ./Drivers/STM32F3xx_HAL_Driver/Src/stm32f3xx_ll_usb.o

.debug_ranges   0x0000000000000000      0xf90
 .debug_ranges  0x0000000000000000       0xe8 ./Core/Src/LiquidCrystal.o
 .debug_ranges  0x00000000000000e8       0x80 ./Core/Src/main.o
 .debug_ranges  0x0000000000000168       0x60 ./Core/Src/stm32f3xx_hal_msp.o
 .debug_ranges  0x00000000000001c8       0x60 ./Core/Src/stm32f3xx_it.o
 .debug_ranges  0x0000000000000228       0x10 ./Core/Src/sysmem.o
 .debug_ranges  0x0000000000000238       0x18 ./Core/Src/system_stm32f3xx.o
 .debug_ranges  0x0000000000000250       0x20 ./Core/Startup/startup_stm32f303vctx.o
 .debug_ranges  0x0000000000000270       0xd0 ./Drivers/STM32F3xx_HAL_Driver/Src/stm32f3xx_hal.o
 .debug_ranges  0x0000000000000340      0x108 ./Drivers/STM32F3xx_HAL_Driver/Src/stm32f3xx_hal_cortex.o
 .debug_ranges  0x0000000000000448       0x78 ./Drivers/STM32F3xx_HAL_Driver/Src/stm32f3xx_hal_dma.o
 .debug_ranges  0x00000000000004c0       0x48 ./Drivers/STM32F3xx_HAL_Driver/Src/stm32f3xx_hal_gpio.o
 .debug_ranges  0x0000000000000508      0x290 ./Drivers/STM32F3xx_HAL_Driver/Src/stm32f3xx_hal_i2c.o
 .debug_ranges  0x0000000000000798       0x38 ./Drivers/STM32F3xx_HAL_Driver/Src/stm32f3xx_hal_i2c_ex.o
 .debug_ranges  0x00000000000007d0      0x130 ./Drivers/STM32F3xx_HAL_Driver/Src/stm32f3xx_hal_pcd.o
 .debug_ranges  0x0000000000000900       0x78 ./Drivers/STM32F3xx_HAL_Driver/Src/stm32f3xx_hal_rcc.o
 .debug_ranges  0x0000000000000978       0x28 ./Drivers/STM32F3xx_HAL_Driver/Src/stm32f3xx_hal_rcc_ex.o
 .debug_ranges  0x00000000000009a0       0xd8 ./Drivers/STM32F3xx_HAL_Driver/Src/stm32f3xx_hal_rtc.o
 .debug_ranges  0x0000000000000a78      0x1c8 ./Drivers/STM32F3xx_HAL_Driver/Src/stm32f3xx_hal_spi.o
 .debug_ranges  0x0000000000000c40      0x248 ./Drivers/STM32F3xx_HAL_Driver/Src/stm32f3xx_hal_uart.o
 .debug_ranges  0x0000000000000e88       0x60 ./Drivers/STM32F3xx_HAL_Driver/Src/stm32f3xx_hal_uart_ex.o
 .debug_ranges  0x0000000000000ee8       0xa8 ./Drivers/STM32F3xx_HAL_Driver/Src/stm32f3xx_ll_usb.o

.debug_macro    0x0000000000000000    0x1f66c
 .debug_macro   0x0000000000000000      0x3ad ./Core/Src/LiquidCrystal.o
 .debug_macro   0x00000000000003ad      0xa78 ./Core/Src/LiquidCrystal.o
 .debug_macro   0x0000000000000e25      0x163 ./Core/Src/LiquidCrystal.o
 .debug_macro   0x0000000000000f88       0x2e ./Core/Src/LiquidCrystal.o
 .debug_macro   0x0000000000000fb6       0x28 ./Core/Src/LiquidCrystal.o
 .debug_macro   0x0000000000000fde       0x22 ./Core/Src/LiquidCrystal.o
 .debug_macro   0x0000000000001000       0x8e ./Core/Src/LiquidCrystal.o
 .debug_macro   0x000000000000108e       0x51 ./Core/Src/LiquidCrystal.o
 .debug_macro   0x00000000000010df      0x103 ./Core/Src/LiquidCrystal.o
 .debug_macro   0x00000000000011e2       0x6a ./Core/Src/LiquidCrystal.o
 .debug_macro   0x000000000000124c      0x1df ./Core/Src/LiquidCrystal.o
 .debug_macro   0x000000000000142b       0x1c ./Core/Src/LiquidCrystal.o
 .debug_macro   0x0000000000001447       0x22 ./Core/Src/LiquidCrystal.o
 .debug_macro   0x0000000000001469       0xd9 ./Core/Src/LiquidCrystal.o
 .debug_macro   0x0000000000001542     0x102d ./Core/Src/LiquidCrystal.o
 .debug_macro   0x000000000000256f      0x11f ./Core/Src/LiquidCrystal.o
 .debug_macro   0x000000000000268e    0x12a3a ./Core/Src/LiquidCrystal.o
 .debug_macro   0x00000000000150c8       0x6d ./Core/Src/LiquidCrystal.o
 .debug_macro   0x0000000000015135     0x3558 ./Core/Src/LiquidCrystal.o
 .debug_macro   0x000000000001868d      0x174 ./Core/Src/LiquidCrystal.o
 .debug_macro   0x0000000000018801       0x55 ./Core/Src/LiquidCrystal.o
 .debug_macro   0x0000000000018856      0x961 ./Core/Src/LiquidCrystal.o
 .debug_macro   0x00000000000191b7      0x5fe ./Core/Src/LiquidCrystal.o
 .debug_macro   0x00000000000197b5      0x1b5 ./Core/Src/LiquidCrystal.o
 .debug_macro   0x000000000001996a      0x1fb ./Core/Src/LiquidCrystal.o
 .debug_macro   0x0000000000019b65      0x1dc ./Core/Src/LiquidCrystal.o
 .debug_macro   0x0000000000019d41      0x1bc ./Core/Src/LiquidCrystal.o
 .debug_macro   0x0000000000019efd       0x30 ./Core/Src/LiquidCrystal.o
 .debug_macro   0x0000000000019f2d       0x3c ./Core/Src/LiquidCrystal.o
 .debug_macro   0x0000000000019f69      0x235 ./Core/Src/LiquidCrystal.o
 .debug_macro   0x000000000001a19e       0xc5 ./Core/Src/LiquidCrystal.o
 .debug_macro   0x000000000001a263      0x21d ./Core/Src/LiquidCrystal.o
 .debug_macro   0x000000000001a480      0x22c ./Core/Src/LiquidCrystal.o
 .debug_macro   0x000000000001a6ac       0x5b ./Core/Src/LiquidCrystal.o
 .debug_macro   0x000000000001a707       0xa5 ./Core/Src/LiquidCrystal.o
 .debug_macro   0x000000000001a7ac       0x73 ./Core/Src/LiquidCrystal.o
 .debug_macro   0x000000000001a81f      0x242 ./Core/Src/LiquidCrystal.o
 .debug_macro   0x000000000001aa61       0x81 ./Core/Src/LiquidCrystal.o
 .debug_macro   0x000000000001aae2       0xd3 ./Core/Src/LiquidCrystal.o
 .debug_macro   0x000000000001abb5      0x313 ./Core/Src/LiquidCrystal.o
 .debug_macro   0x000000000001aec8      0x41b ./Core/Src/LiquidCrystal.o
 .debug_macro   0x000000000001b2e3       0xeb ./Core/Src/LiquidCrystal.o
 .debug_macro   0x000000000001b3ce      0x2fe ./Core/Src/LiquidCrystal.o
 .debug_macro   0x000000000001b6cc      0x5ba ./Core/Src/LiquidCrystal.o
 .debug_macro   0x000000000001bc86       0x3e ./Core/Src/LiquidCrystal.o
 .debug_macro   0x000000000001bcc4      0x275 ./Core/Src/LiquidCrystal.o
 .debug_macro   0x000000000001bf39       0xb2 ./Core/Src/LiquidCrystal.o
 .debug_macro   0x000000000001bfeb       0x52 ./Core/Src/LiquidCrystal.o
 .debug_macro   0x000000000001c03d       0x1e ./Core/Src/LiquidCrystal.o
 .debug_macro   0x000000000001c05b       0x3c ./Core/Src/LiquidCrystal.o
 .debug_macro   0x000000000001c097       0x34 ./Core/Src/LiquidCrystal.o
 .debug_macro   0x000000000001c0cb       0x16 ./Core/Src/LiquidCrystal.o
 .debug_macro   0x000000000001c0e1       0x35 ./Core/Src/LiquidCrystal.o
 .debug_macro   0x000000000001c116      0x341 ./Core/Src/LiquidCrystal.o
 .debug_macro   0x000000000001c457       0x10 ./Core/Src/LiquidCrystal.o
 .debug_macro   0x000000000001c467       0x16 ./Core/Src/LiquidCrystal.o
 .debug_macro   0x000000000001c47d       0x43 ./Core/Src/LiquidCrystal.o
 .debug_macro   0x000000000001c4c0       0x34 ./Core/Src/LiquidCrystal.o
 .debug_macro   0x000000000001c4f4       0x10 ./Core/Src/LiquidCrystal.o
 .debug_macro   0x000000000001c504       0x58 ./Core/Src/LiquidCrystal.o
 .debug_macro   0x000000000001c55c       0x71 ./Core/Src/LiquidCrystal.o
 .debug_macro   0x000000000001c5cd       0x1c ./Core/Src/LiquidCrystal.o
 .debug_macro   0x000000000001c5e9      0x12a ./Core/Src/LiquidCrystal.o
 .debug_macro   0x000000000001c713       0x10 ./Core/Src/LiquidCrystal.o
 .debug_macro   0x000000000001c723       0x1c ./Core/Src/LiquidCrystal.o
 .debug_macro   0x000000000001c73f       0x52 ./Core/Src/LiquidCrystal.o
 .debug_macro   0x000000000001c791       0x22 ./Core/Src/LiquidCrystal.o
 .debug_macro   0x000000000001c7b3       0x10 ./Core/Src/LiquidCrystal.o
 .debug_macro   0x000000000001c7c3       0x52 ./Core/Src/LiquidCrystal.o
 .debug_macro   0x000000000001c815       0xd5 ./Core/Src/LiquidCrystal.o
 .debug_macro   0x000000000001c8ea       0x1c ./Core/Src/LiquidCrystal.o
 .debug_macro   0x000000000001c906       0x3d ./Core/Src/LiquidCrystal.o
 .debug_macro   0x000000000001c943       0x16 ./Core/Src/LiquidCrystal.o
 .debug_macro   0x000000000001c959      0x145 ./Core/Src/LiquidCrystal.o
 .debug_macro   0x000000000001ca9e       0x16 ./Core/Src/LiquidCrystal.o
 .debug_macro   0x000000000001cab4       0x20 ./Core/Src/LiquidCrystal.o
 .debug_macro   0x000000000001cad4      0x224 ./Core/Src/main.o
 .debug_macro   0x000000000001ccf8      0x160 ./Core/Src/main.o
 .debug_macro   0x000000000001ce58      0x224 ./Core/Src/stm32f3xx_hal_msp.o
 .debug_macro   0x000000000001d07c      0x22e ./Core/Src/stm32f3xx_it.o
 .debug_macro   0x000000000001d2aa       0xff ./Core/Src/sysmem.o
 .debug_macro   0x000000000001d3a9      0x23b ./Core/Src/sysmem.o
 .debug_macro   0x000000000001d5e4      0x215 ./Core/Src/system_stm32f3xx.o
 .debug_macro   0x000000000001d7f9      0x239 ./Drivers/STM32F3xx_HAL_Driver/Src/stm32f3xx_hal.o
 .debug_macro   0x000000000001da32      0x215 ./Drivers/STM32F3xx_HAL_Driver/Src/stm32f3xx_hal_cortex.o
 .debug_macro   0x000000000001dc47      0x215 ./Drivers/STM32F3xx_HAL_Driver/Src/stm32f3xx_hal_dma.o
 .debug_macro   0x000000000001de5c      0x21c ./Drivers/STM32F3xx_HAL_Driver/Src/stm32f3xx_hal_gpio.o
 .debug_macro   0x000000000001e078      0x2e1 ./Drivers/STM32F3xx_HAL_Driver/Src/stm32f3xx_hal_i2c.o
 .debug_macro   0x000000000001e359      0x215 ./Drivers/STM32F3xx_HAL_Driver/Src/stm32f3xx_hal_i2c_ex.o
 .debug_macro   0x000000000001e56e      0x221 ./Drivers/STM32F3xx_HAL_Driver/Src/stm32f3xx_hal_pcd.o
 .debug_macro   0x000000000001e78f      0x239 ./Drivers/STM32F3xx_HAL_Driver/Src/stm32f3xx_hal_rcc.o
 .debug_macro   0x000000000001e9c8      0x215 ./Drivers/STM32F3xx_HAL_Driver/Src/stm32f3xx_hal_rcc_ex.o
 .debug_macro   0x000000000001ebdd      0x216 ./Drivers/STM32F3xx_HAL_Driver/Src/stm32f3xx_hal_rtc.o
 .debug_macro   0x000000000001edf3      0x21d ./Drivers/STM32F3xx_HAL_Driver/Src/stm32f3xx_hal_spi.o
 .debug_macro   0x000000000001f010      0x232 ./Drivers/STM32F3xx_HAL_Driver/Src/stm32f3xx_hal_uart.o
 .debug_macro   0x000000000001f242      0x215 ./Drivers/STM32F3xx_HAL_Driver/Src/stm32f3xx_hal_uart_ex.o
 .debug_macro   0x000000000001f457      0x215 ./Drivers/STM32F3xx_HAL_Driver/Src/stm32f3xx_ll_usb.o

.debug_line     0x0000000000000000    0x15b7e
 .debug_line    0x0000000000000000      0xe55 ./Core/Src/LiquidCrystal.o
 .debug_line    0x0000000000000e55      0xb22 ./Core/Src/main.o
 .debug_line    0x0000000000001977      0x8ff ./Core/Src/stm32f3xx_hal_msp.o
 .debug_line    0x0000000000002276      0x85c ./Core/Src/stm32f3xx_it.o
 .debug_line    0x0000000000002ad2      0x4f4 ./Core/Src/sysmem.o
 .debug_line    0x0000000000002fc6      0x7dd ./Core/Src/system_stm32f3xx.o
 .debug_line    0x00000000000037a3       0x88 ./Core/Startup/startup_stm32f303vctx.o
 .debug_line    0x000000000000382b      0xa12 ./Drivers/STM32F3xx_HAL_Driver/Src/stm32f3xx_hal.o
 .debug_line    0x000000000000423d      0xcd7 ./Drivers/STM32F3xx_HAL_Driver/Src/stm32f3xx_hal_cortex.o
 .debug_line    0x0000000000004f14      0xd24 ./Drivers/STM32F3xx_HAL_Driver/Src/stm32f3xx_hal_dma.o
 .debug_line    0x0000000000005c38      0xb71 ./Drivers/STM32F3xx_HAL_Driver/Src/stm32f3xx_hal_gpio.o
 .debug_line    0x00000000000067a9     0x37e1 ./Drivers/STM32F3xx_HAL_Driver/Src/stm32f3xx_hal_i2c.o
 .debug_line    0x0000000000009f8a      0x984 ./Drivers/STM32F3xx_HAL_Driver/Src/stm32f3xx_hal_i2c_ex.o
 .debug_line    0x000000000000a90e     0x1359 ./Drivers/STM32F3xx_HAL_Driver/Src/stm32f3xx_hal_pcd.o
 .debug_line    0x000000000000bc67     0x13ef ./Drivers/STM32F3xx_HAL_Driver/Src/stm32f3xx_hal_rcc.o
 .debug_line    0x000000000000d056      0xd7b ./Drivers/STM32F3xx_HAL_Driver/Src/stm32f3xx_hal_rcc_ex.o
 .debug_line    0x000000000000ddd1     0x1132 ./Drivers/STM32F3xx_HAL_Driver/Src/stm32f3xx_hal_rtc.o
 .debug_line    0x000000000000ef03     0x1fcd ./Drivers/STM32F3xx_HAL_Driver/Src/stm32f3xx_hal_spi.o
 .debug_line    0x0000000000010ed0     0x312e ./Drivers/STM32F3xx_HAL_Driver/Src/stm32f3xx_hal_uart.o
 .debug_line    0x0000000000013ffe      0xb75 ./Drivers/STM32F3xx_HAL_Driver/Src/stm32f3xx_hal_uart_ex.o
 .debug_line    0x0000000000014b73     0x100b ./Drivers/STM32F3xx_HAL_Driver/Src/stm32f3xx_ll_usb.o

.debug_str      0x0000000000000000    0xba6a4
 .debug_str     0x0000000000000000    0xb507c ./Core/Src/LiquidCrystal.o
                                      0xb5767 (size before relaxing)
 .debug_str     0x00000000000b507c     0x1a45 ./Core/Src/main.o
                                      0xb31e0 (size before relaxing)
 .debug_str     0x00000000000b6ac1      0x13c ./Core/Src/stm32f3xx_hal_msp.o
                                      0xb2cb1 (size before relaxing)
 .debug_str     0x00000000000b6bfd      0x11d ./Core/Src/stm32f3xx_it.o
                                      0xb1e59 (size before relaxing)
 .debug_str     0x00000000000b6d1a      0x4da ./Core/Src/sysmem.o
                                       0x5dcb (size before relaxing)
 .debug_str     0x00000000000b71f4       0xdf ./Core/Src/system_stm32f3xx.o
                                      0xb1526 (size before relaxing)
 .debug_str     0x00000000000b72d3       0x36 ./Core/Startup/startup_stm32f303vctx.o
                                         0x8d (size before relaxing)
 .debug_str     0x00000000000b7309      0x364 ./Drivers/STM32F3xx_HAL_Driver/Src/stm32f3xx_hal.o
                                      0xb1d64 (size before relaxing)
 .debug_str     0x00000000000b766d      0x322 ./Drivers/STM32F3xx_HAL_Driver/Src/stm32f3xx_hal_cortex.o
                                      0xb1db6 (size before relaxing)
 .debug_str     0x00000000000b798f      0x24d ./Drivers/STM32F3xx_HAL_Driver/Src/stm32f3xx_hal_dma.o
                                      0xb186e (size before relaxing)
 .debug_str     0x00000000000b7bdc       0xe1 ./Drivers/STM32F3xx_HAL_Driver/Src/stm32f3xx_hal_gpio.o
                                      0xb1693 (size before relaxing)
 .debug_str     0x00000000000b7cbd      0xe17 ./Drivers/STM32F3xx_HAL_Driver/Src/stm32f3xx_hal_i2c.o
                                      0xb2829 (size before relaxing)
 .debug_str     0x00000000000b8ad4       0xb8 ./Drivers/STM32F3xx_HAL_Driver/Src/stm32f3xx_hal_i2c_ex.o
                                      0xb1a47 (size before relaxing)
 .debug_str     0x00000000000b8b8c      0x507 ./Drivers/STM32F3xx_HAL_Driver/Src/stm32f3xx_hal_pcd.o
                                      0xb1d3b (size before relaxing)
 .debug_str     0x00000000000b9093      0x2b8 ./Drivers/STM32F3xx_HAL_Driver/Src/stm32f3xx_hal_rcc.o
                                      0xb19c6 (size before relaxing)
 .debug_str     0x00000000000b934b       0xbe ./Drivers/STM32F3xx_HAL_Driver/Src/stm32f3xx_hal_rcc_ex.o
                                      0xb178a (size before relaxing)
 .debug_str     0x00000000000b9409      0x27e ./Drivers/STM32F3xx_HAL_Driver/Src/stm32f3xx_hal_rtc.o
                                      0xb1a48 (size before relaxing)
 .debug_str     0x00000000000b9687      0x566 ./Drivers/STM32F3xx_HAL_Driver/Src/stm32f3xx_hal_spi.o
                                      0xb1e4c (size before relaxing)
 .debug_str     0x00000000000b9bed      0x827 ./Drivers/STM32F3xx_HAL_Driver/Src/stm32f3xx_hal_uart.o
                                      0xb2249 (size before relaxing)
 .debug_str     0x00000000000ba414      0x1b8 ./Drivers/STM32F3xx_HAL_Driver/Src/stm32f3xx_hal_uart_ex.o
                                      0xb1b4e (size before relaxing)
 .debug_str     0x00000000000ba5cc       0xd8 ./Drivers/STM32F3xx_HAL_Driver/Src/stm32f3xx_ll_usb.o
                                      0xb1890 (size before relaxing)

.comment        0x0000000000000000       0x50
 .comment       0x0000000000000000       0x50 ./Core/Src/LiquidCrystal.o
                                         0x51 (size before relaxing)
 .comment       0x0000000000000050       0x51 ./Core/Src/main.o
 .comment       0x0000000000000050       0x51 ./Core/Src/stm32f3xx_hal_msp.o
 .comment       0x0000000000000050       0x51 ./Core/Src/stm32f3xx_it.o
 .comment       0x0000000000000050       0x51 ./Core/Src/sysmem.o
 .comment       0x0000000000000050       0x51 ./Core/Src/system_stm32f3xx.o
 .comment       0x0000000000000050       0x51 ./Drivers/STM32F3xx_HAL_Driver/Src/stm32f3xx_hal.o
 .comment       0x0000000000000050       0x51 ./Drivers/STM32F3xx_HAL_Driver/Src/stm32f3xx_hal_cortex.o
 .comment       0x0000000000000050       0x51 ./Drivers/STM32F3xx_HAL_Driver/Src/stm32f3xx_hal_dma.o
 .comment       0x0000000000000050       0x51 ./Drivers/STM32F3xx_HAL_Driver/Src/stm32f3xx_hal_gpio.o
 .comment       0x0000000000000050       0x51 ./Drivers/STM32F3xx_HAL_Driver/Src/stm32f3xx_hal_i2c.o
 .comment       0x0000000000000050       0x51 ./Drivers/STM32F3xx_HAL_Driver/Src/stm32f3xx_hal_i2c_ex.o
 .comment       0x0000000000000050       0x51 ./Drivers/STM32F3xx_HAL_Driver/Src/stm32f3xx_hal_pcd.o
 .comment       0x0000000000000050       0x51 ./Drivers/STM32F3xx_HAL_Driver/Src/stm32f3xx_hal_rcc.o
 .comment       0x0000000000000050       0x51 ./Drivers/STM32F3xx_HAL_Driver/Src/stm32f3xx_hal_rcc_ex.o
 .comment       0x0000000000000050       0x51 ./Drivers/STM32F3xx_HAL_Driver/Src/stm32f3xx_hal_rtc.o
 .comment       0x0000000000000050       0x51 ./Drivers/STM32F3xx_HAL_Driver/Src/stm32f3xx_hal_spi.o
 .comment       0x0000000000000050       0x51 ./Drivers/STM32F3xx_HAL_Driver/Src/stm32f3xx_hal_uart.o
 .comment       0x0000000000000050       0x51 ./Drivers/STM32F3xx_HAL_Driver/Src/stm32f3xx_hal_uart_ex.o
 .comment       0x0000000000000050       0x51 ./Drivers/STM32F3xx_HAL_Driver/Src/stm32f3xx_ll_usb.o

.debug_frame    0x0000000000000000     0x48e4
 .debug_frame   0x0000000000000000      0x394 ./Core/Src/LiquidCrystal.o
 .debug_frame   0x0000000000000394      0x188 ./Core/Src/main.o
 .debug_frame   0x000000000000051c      0x1a4 ./Core/Src/stm32f3xx_hal_msp.o
 .debug_frame   0x00000000000006c0      0x13c ./Core/Src/stm32f3xx_it.o
 .debug_frame   0x00000000000007fc       0x34 ./Core/Src/sysmem.o
 .debug_frame   0x0000000000000830       0x58 ./Core/Src/system_stm32f3xx.o
 .debug_frame   0x0000000000000888      0x334 ./Drivers/STM32F3xx_HAL_Driver/Src/stm32f3xx_hal.o
 .debug_frame   0x0000000000000bbc      0x498 ./Drivers/STM32F3xx_HAL_Driver/Src/stm32f3xx_hal_cortex.o
 .debug_frame   0x0000000000001054      0x224 ./Drivers/STM32F3xx_HAL_Driver/Src/stm32f3xx_hal_dma.o
 .debug_frame   0x0000000000001278      0x14c ./Drivers/STM32F3xx_HAL_Driver/Src/stm32f3xx_hal_gpio.o
 .debug_frame   0x00000000000013c4      0xc38 ./Drivers/STM32F3xx_HAL_Driver/Src/stm32f3xx_hal_i2c.o
 .debug_frame   0x0000000000001ffc      0x100 ./Drivers/STM32F3xx_HAL_Driver/Src/stm32f3xx_hal_i2c_ex.o
 .debug_frame   0x00000000000020fc      0x59c ./Drivers/STM32F3xx_HAL_Driver/Src/stm32f3xx_hal_pcd.o
 .debug_frame   0x0000000000002698      0x214 ./Drivers/STM32F3xx_HAL_Driver/Src/stm32f3xx_hal_rcc.o
 .debug_frame   0x00000000000028ac       0xb0 ./Drivers/STM32F3xx_HAL_Driver/Src/stm32f3xx_hal_rcc_ex.o
 .debug_frame   0x000000000000295c      0x3f4 ./Drivers/STM32F3xx_HAL_Driver/Src/stm32f3xx_hal_rtc.o
 .debug_frame   0x0000000000002d50      0x860 ./Drivers/STM32F3xx_HAL_Driver/Src/stm32f3xx_hal_spi.o
 .debug_frame   0x00000000000035b0      0x9e8 ./Drivers/STM32F3xx_HAL_Driver/Src/stm32f3xx_hal_uart.o
 .debug_frame   0x0000000000003f98      0x1b4 ./Drivers/STM32F3xx_HAL_Driver/Src/stm32f3xx_hal_uart_ex.o
 .debug_frame   0x000000000000414c      0x338 ./Drivers/STM32F3xx_HAL_Driver/Src/stm32f3xx_ll_usb.o
 .debug_frame   0x0000000000004484       0x20 c:/st/stm32cubeide_1.11.2/stm32cubeide/plugins/com.st.stm32cube.ide.mcu.externaltools.gnu-tools-for-stm32.10.3-2021.10.win32_1.0.100.202210260954/tools/bin/../lib/gcc/arm-none-eabi/10.3.1/../../../../arm-none-eabi/lib/thumb/v7e-m+fp/hard\libc_nano.a(lib_a-errno.o)
 .debug_frame   0x00000000000044a4       0x2c c:/st/stm32cubeide_1.11.2/stm32cubeide/plugins/com.st.stm32cube.ide.mcu.externaltools.gnu-tools-for-stm32.10.3-2021.10.win32_1.0.100.202210260954/tools/bin/../lib/gcc/arm-none-eabi/10.3.1/../../../../arm-none-eabi/lib/thumb/v7e-m+fp/hard\libc_nano.a(lib_a-init.o)
 .debug_frame   0x00000000000044d0       0x20 c:/st/stm32cubeide_1.11.2/stm32cubeide/plugins/com.st.stm32cube.ide.mcu.externaltools.gnu-tools-for-stm32.10.3-2021.10.win32_1.0.100.202210260954/tools/bin/../lib/gcc/arm-none-eabi/10.3.1/../../../../arm-none-eabi/lib/thumb/v7e-m+fp/hard\libc_nano.a(lib_a-memset.o)
 .debug_frame   0x00000000000044f0       0x6c c:/st/stm32cubeide_1.11.2/stm32cubeide/plugins/com.st.stm32cube.ide.mcu.externaltools.gnu-tools-for-stm32.10.3-2021.10.win32_1.0.100.202210260954/tools/bin/../lib/gcc/arm-none-eabi/10.3.1/../../../../arm-none-eabi/lib/thumb/v7e-m+fp/hard\libc_nano.a(lib_a-sprintf.o)
 .debug_frame   0x000000000000455c       0x90 c:/st/stm32cubeide_1.11.2/stm32cubeide/plugins/com.st.stm32cube.ide.mcu.externaltools.gnu-tools-for-stm32.10.3-2021.10.win32_1.0.100.202210260954/tools/bin/../lib/gcc/arm-none-eabi/10.3.1/../../../../arm-none-eabi/lib/thumb/v7e-m+fp/hard\libc_nano.a(lib_a-nano-svfprintf.o)
 .debug_frame   0x00000000000045ec       0x60 c:/st/stm32cubeide_1.11.2/stm32cubeide/plugins/com.st.stm32cube.ide.mcu.externaltools.gnu-tools-for-stm32.10.3-2021.10.win32_1.0.100.202210260954/tools/bin/../lib/gcc/arm-none-eabi/10.3.1/../../../../arm-none-eabi/lib/thumb/v7e-m+fp/hard\libc_nano.a(lib_a-nano-vfprintf_i.o)
 .debug_frame   0x000000000000464c       0x28 c:/st/stm32cubeide_1.11.2/stm32cubeide/plugins/com.st.stm32cube.ide.mcu.externaltools.gnu-tools-for-stm32.10.3-2021.10.win32_1.0.100.202210260954/tools/bin/../lib/gcc/arm-none-eabi/10.3.1/../../../../arm-none-eabi/lib/thumb/v7e-m+fp/hard\libc_nano.a(lib_a-memcpy-stub.o)
 .debug_frame   0x0000000000004674       0x28 c:/st/stm32cubeide_1.11.2/stm32cubeide/plugins/com.st.stm32cube.ide.mcu.externaltools.gnu-tools-for-stm32.10.3-2021.10.win32_1.0.100.202210260954/tools/bin/../lib/gcc/arm-none-eabi/10.3.1/../../../../arm-none-eabi/lib/thumb/v7e-m+fp/hard\libc_nano.a(lib_a-memmove.o)
 .debug_frame   0x000000000000469c       0x38 c:/st/stm32cubeide_1.11.2/stm32cubeide/plugins/com.st.stm32cube.ide.mcu.externaltools.gnu-tools-for-stm32.10.3-2021.10.win32_1.0.100.202210260954/tools/bin/../lib/gcc/arm-none-eabi/10.3.1/../../../../arm-none-eabi/lib/thumb/v7e-m+fp/hard\libc_nano.a(lib_a-nano-freer.o)
 .debug_frame   0x00000000000046d4       0x4c c:/st/stm32cubeide_1.11.2/stm32cubeide/plugins/com.st.stm32cube.ide.mcu.externaltools.gnu-tools-for-stm32.10.3-2021.10.win32_1.0.100.202210260954/tools/bin/../lib/gcc/arm-none-eabi/10.3.1/../../../../arm-none-eabi/lib/thumb/v7e-m+fp/hard\libc_nano.a(lib_a-nano-mallocr.o)
 .debug_frame   0x0000000000004720       0x3c c:/st/stm32cubeide_1.11.2/stm32cubeide/plugins/com.st.stm32cube.ide.mcu.externaltools.gnu-tools-for-stm32.10.3-2021.10.win32_1.0.100.202210260954/tools/bin/../lib/gcc/arm-none-eabi/10.3.1/../../../../arm-none-eabi/lib/thumb/v7e-m+fp/hard\libc_nano.a(lib_a-nano-reallocr.o)
 .debug_frame   0x000000000000475c       0x2c c:/st/stm32cubeide_1.11.2/stm32cubeide/plugins/com.st.stm32cube.ide.mcu.externaltools.gnu-tools-for-stm32.10.3-2021.10.win32_1.0.100.202210260954/tools/bin/../lib/gcc/arm-none-eabi/10.3.1/../../../../arm-none-eabi/lib/thumb/v7e-m+fp/hard\libc_nano.a(lib_a-sbrkr.o)
 .debug_frame   0x0000000000004788       0x30 c:/st/stm32cubeide_1.11.2/stm32cubeide/plugins/com.st.stm32cube.ide.mcu.externaltools.gnu-tools-for-stm32.10.3-2021.10.win32_1.0.100.202210260954/tools/bin/../lib/gcc/arm-none-eabi/10.3.1/../../../../arm-none-eabi/lib/thumb/v7e-m+fp/hard\libc_nano.a(lib_a-mlock.o)
 .debug_frame   0x00000000000047b8       0x20 c:/st/stm32cubeide_1.11.2/stm32cubeide/plugins/com.st.stm32cube.ide.mcu.externaltools.gnu-tools-for-stm32.10.3-2021.10.win32_1.0.100.202210260954/tools/bin/../lib/gcc/arm-none-eabi/10.3.1/../../../../arm-none-eabi/lib/thumb/v7e-m+fp/hard\libc_nano.a(lib_a-nano-msizer.o)
 .debug_frame   0x00000000000047d8       0x5c c:/st/stm32cubeide_1.11.2/stm32cubeide/plugins/com.st.stm32cube.ide.mcu.externaltools.gnu-tools-for-stm32.10.3-2021.10.win32_1.0.100.202210260954/tools/bin/../lib/gcc/arm-none-eabi/10.3.1/../../../../arm-none-eabi/lib/thumb/v7e-m+fp/hard\libc_nano.a(lib_a-reent.o)
 .debug_frame   0x0000000000004834       0xb0 c:/st/stm32cubeide_1.11.2/stm32cubeide/plugins/com.st.stm32cube.ide.mcu.externaltools.gnu-tools-for-stm32.10.3-2021.10.win32_1.0.100.202210260954/tools/bin/../lib/gcc/arm-none-eabi/10.3.1/../../../../arm-none-eabi/lib/thumb/v7e-m+fp/hard\libc_nano.a(lib_a-lock.o)