../Core/Src/main.c:65:6:HAL_GPIO_EXTI_Callback	32	static
../Core/Src/main.c:329:7:showMain	8	static
../Core/Src/main.c:339:7:showAbout	8	static
../Core/Src/main.c:349:5:main	88	static
../Core/Src/main.c:432:6:SystemClock_Config	128	static
../Core/Src/main.c:486:13:MX_I2C1_Init	8	static
../Core/Src/main.c:534:13:MX_RTC_Init	32	static
../Core/Src/main.c:597:13:MX_SPI1_Init	8	static
../Core/Src/main.c:637:13:MX_USART1_UART_Init	8	static
../Core/Src/main.c:672:13:MX_USB_PCD_Init	8	static
../Core/Src/main.c:703:13:MX_GPIO_Init	56	static
../Core/Src/main.c:781:6:Error_Handler	4	static,ignoring_inline_asm
