../Core/Src/main.c:147:6:HAL_GPIO_EXTI_Callback	32	static
../Core/Src/main.c:378:6:refreshAll	8	static
../Core/Src/main.c:407:6:changeFoxStateR	24	static
../Core/Src/main.c:452:6:increase	16	static
../Core/Src/main.c:480:6:shoot	24	static
../Core/Src/main.c:500:6:shotPosition	24	static
../Core/Src/main.c:617:6:movement	32	static
../Core/Src/main.c:759:6:initializeObjects	56	static
../Core/Src/main.c:824:6:displayObjects	16	static
../Core/Src/main.c:835:6:showMain	8	static
../Core/Src/main.c:845:6:showAbout	8	static
../Core/Src/main.c:850:6:showSetting	8	static
../Core/Src/main.c:859:6:bulletsSetting	48	static
../Core/Src/main.c:874:6:HealthSetting	48	static
../Core/Src/main.c:892:6:PWM_Start	8	static
../Core/Src/main.c:896:6:PWM_Change_Tone	40	static
../Core/Src/main.c:913:6:HAL_TIM_PeriodElapsedCallback	16	static
../Core/Src/main.c:918:6:setScore	72	static
../Core/Src/main.c:930:5:main	120	static
../Core/Src/main.c:1064:6:SystemClock_Config	128	static
../Core/Src/main.c:1116:13:MX_I2C1_Init	8	static
../Core/Src/main.c:1161:13:MX_RTC_Init	32	static
../Core/Src/main.c:1220:13:MX_SPI1_Init	8	static
../Core/Src/main.c:1258:13:MX_TIM1_Init	40	static
../Core/Src/main.c:1302:13:MX_TIM2_Init	48	static
../Core/Src/main.c:1349:13:MX_USART1_UART_Init	8	static
../Core/Src/main.c:1382:13:MX_USB_PCD_Init	8	static
../Core/Src/main.c:1411:13:MX_GPIO_Init	56	static
../Core/Src/main.c:1488:6:Error_Handler	4	static,ignoring_inline_asm
