../Core/Src/main.c:124:6:HAL_GPIO_EXTI_Callback	32	static
../Core/Src/main.c:343:6:refreshAll	8	static
../Core/Src/main.c:370:6:changeFoxStateR	24	static
../Core/Src/main.c:383:6:movement	88	static
../Core/Src/main.c:445:6:initializeObjects	56	static
../Core/Src/main.c:510:6:displayObjects	16	static
../Core/Src/main.c:521:6:showMain	8	static
../Core/Src/main.c:531:6:showAbout	8	static
../Core/Src/main.c:536:6:showSetting	8	static
../Core/Src/main.c:545:6:bulletsSetting	48	static
../Core/Src/main.c:560:6:HealthSetting	48	static
../Core/Src/main.c:581:5:main	112	static
../Core/Src/main.c:679:6:SystemClock_Config	128	static
../Core/Src/main.c:729:13:MX_I2C1_Init	8	static
../Core/Src/main.c:774:13:MX_RTC_Init	32	static
../Core/Src/main.c:833:13:MX_SPI1_Init	8	static
../Core/Src/main.c:871:13:MX_USART1_UART_Init	8	static
../Core/Src/main.c:904:13:MX_USB_PCD_Init	8	static
../Core/Src/main.c:933:13:MX_GPIO_Init	56	static
../Core/Src/main.c:1010:6:Error_Handler	4	static,ignoring_inline_asm
