../Core/Src/main.c:148:6:HAL_GPIO_EXTI_Callback	32	static
../Core/Src/main.c:374:6:refreshAll	8	static
../Core/Src/main.c:403:6:changeFoxStateR	24	static
../Core/Src/main.c:448:6:increase	16	static
../Core/Src/main.c:476:6:shoot	24	static
../Core/Src/main.c:496:6:shotPosition	24	static
../Core/Src/main.c:613:6:movement	32	static
../Core/Src/main.c:755:6:initializeObjects	56	static
../Core/Src/main.c:820:6:displayObjects	16	static
../Core/Src/main.c:831:6:showMain	8	static
../Core/Src/main.c:841:6:showAbout	8	static
../Core/Src/main.c:846:6:showSetting	8	static
../Core/Src/main.c:855:6:bulletsSetting	48	static
../Core/Src/main.c:870:6:HealthSetting	48	static
../Core/Src/main.c:910:6:spawnRandomObject	16	static
../Core/Src/main.c:933:6:HAL_TIM_PeriodElapsedCallback	16	static
../Core/Src/main.c:967:6:setScore	72	static
../Core/Src/main.c:998:5:main	120	static
../Core/Src/main.c:1149:6:SystemClock_Config	128	static
../Core/Src/main.c:1201:13:MX_I2C1_Init	8	static
../Core/Src/main.c:1246:13:MX_RTC_Init	32	static
../Core/Src/main.c:1305:13:MX_SPI1_Init	8	static
../Core/Src/main.c:1343:13:MX_TIM1_Init	40	static
../Core/Src/main.c:1387:13:MX_TIM2_Init	48	static
../Core/Src/main.c:1434:13:MX_USART1_UART_Init	8	static
../Core/Src/main.c:1467:13:MX_USB_PCD_Init	8	static
../Core/Src/main.c:1496:13:MX_GPIO_Init	56	static
../Core/Src/main.c:1573:6:Error_Handler	4	static,ignoring_inline_asm
