../Core/Src/main.c:61:6:HAL_GPIO_EXTI_Callback	32	static
../Core/Src/main.c:306:7:showMain	8	static
../Core/Src/main.c:318:5:main	24	static
../Core/Src/main.c:375:6:SystemClock_Config	128	static
../Core/Src/main.c:426:13:MX_I2C1_Init	8	static
../Core/Src/main.c:474:13:MX_SPI1_Init	8	static
../Core/Src/main.c:514:13:MX_USART1_UART_Init	8	static
../Core/Src/main.c:549:13:MX_USB_PCD_Init	8	static
../Core/Src/main.c:580:13:MX_GPIO_Init	56	static
../Core/Src/main.c:658:6:Error_Handler	4	static,ignoring_inline_asm
