../Core/Src/main.c:143:6:HAL_GPIO_EXTI_Callback	32	static
../Core/Src/main.c:366:6:refreshAll	8	static
../Core/Src/main.c:394:6:changeFoxStateR	80	static
../Core/Src/main.c:442:6:increase	16	static
../Core/Src/main.c:474:6:shoot	24	static
../Core/Src/main.c:494:6:shotPosition	24	static
../Core/Src/main.c:598:6:movement	32	static
../Core/Src/main.c:740:6:initializeObjects	56	static
../Core/Src/main.c:805:6:displayObjects	16	static
../Core/Src/main.c:816:6:showMain	8	static
../Core/Src/main.c:826:6:showAbout	8	static
../Core/Src/main.c:831:6:showSetting	8	static
../Core/Src/main.c:840:6:bulletsSetting	48	static
../Core/Src/main.c:855:6:HealthSetting	48	static
../Core/Src/main.c:870:6:HAL_TIM_PeriodElapsedCallback	16	static
../Core/Src/main.c:897:5:main	112	static
../Core/Src/main.c:1000:6:SystemClock_Config	128	static
../Core/Src/main.c:1052:13:MX_I2C1_Init	8	static
../Core/Src/main.c:1097:13:MX_RTC_Init	32	static
../Core/Src/main.c:1156:13:MX_SPI1_Init	8	static
../Core/Src/main.c:1194:13:MX_TIM1_Init	40	static
../Core/Src/main.c:1238:13:MX_USART1_UART_Init	8	static
../Core/Src/main.c:1271:13:MX_USB_PCD_Init	8	static
../Core/Src/main.c:1300:13:MX_GPIO_Init	56	static
../Core/Src/main.c:1377:6:Error_Handler	4	static,ignoring_inline_asm
