../Core/Src/main.c:124:6:HAL_GPIO_EXTI_Callback	32	static
../Core/Src/main.c:343:6:refreshAll	8	static
../Core/Src/main.c:370:6:changeFoxStateR	24	static
../Core/Src/main.c:382:6:increase	16	static
../Core/Src/main.c:413:6:movement	32	static
../Core/Src/main.c:552:6:initializeObjects	56	static
../Core/Src/main.c:618:6:displayObjects	16	static
../Core/Src/main.c:629:6:showMain	8	static
../Core/Src/main.c:639:6:showAbout	8	static
../Core/Src/main.c:644:6:showSetting	8	static
../Core/Src/main.c:653:6:bulletsSetting	48	static
../Core/Src/main.c:668:6:HealthSetting	48	static
../Core/Src/main.c:689:5:main	112	static
../Core/Src/main.c:787:6:SystemClock_Config	128	static
../Core/Src/main.c:837:13:MX_I2C1_Init	8	static
../Core/Src/main.c:882:13:MX_RTC_Init	32	static
../Core/Src/main.c:941:13:MX_SPI1_Init	8	static
../Core/Src/main.c:979:13:MX_USART1_UART_Init	8	static
../Core/Src/main.c:1012:13:MX_USB_PCD_Init	8	static
../Core/Src/main.c:1041:13:MX_GPIO_Init	56	static
../Core/Src/main.c:1118:6:Error_Handler	4	static,ignoring_inline_asm
