../Core/Src/main.c:102:6:HAL_GPIO_EXTI_Callback	32	static
../Core/Src/main.c:314:6:refreshAll	8	static
../Core/Src/main.c:356:6:changeFoxStateR	24	static
../Core/Src/main.c:372:6:initializeObjects	56	static
../Core/Src/main.c:430:6:displayObjects	16	static
../Core/Src/main.c:441:6:showMain	8	static
../Core/Src/main.c:451:6:showAbout	8	static
../Core/Src/main.c:456:6:showSetting	8	static
../Core/Src/main.c:465:6:bulletsSetting	48	static
../Core/Src/main.c:480:6:HealthSetting	48	static
../Core/Src/main.c:501:5:main	112	static
../Core/Src/main.c:599:6:SystemClock_Config	128	static
../Core/Src/main.c:649:13:MX_I2C1_Init	8	static
../Core/Src/main.c:694:13:MX_RTC_Init	32	static
../Core/Src/main.c:753:13:MX_SPI1_Init	8	static
../Core/Src/main.c:791:13:MX_USART1_UART_Init	8	static
../Core/Src/main.c:824:13:MX_USB_PCD_Init	8	static
../Core/Src/main.c:853:13:MX_GPIO_Init	56	static
../Core/Src/main.c:930:6:Error_Handler	4	static,ignoring_inline_asm
