../Core/Src/main.c:70:6:HAL_GPIO_EXTI_Callback	32	static
../Core/Src/main.c:274:6:refreshAll	8	static
../Core/Src/main.c:324:6:showMain	8	static
../Core/Src/main.c:334:6:showAbout	8	static
../Core/Src/main.c:339:6:showSetting	8	static
../Core/Src/main.c:348:6:bulletsSetting	48	static
../Core/Src/main.c:363:6:HealthSetting	48	static
../Core/Src/main.c:384:5:main	88	static
../Core/Src/main.c:475:6:SystemClock_Config	128	static
../Core/Src/main.c:525:13:MX_I2C1_Init	8	static
../Core/Src/main.c:570:13:MX_RTC_Init	32	static
../Core/Src/main.c:629:13:MX_SPI1_Init	8	static
../Core/Src/main.c:667:13:MX_USART1_UART_Init	8	static
../Core/Src/main.c:700:13:MX_USB_PCD_Init	8	static
../Core/Src/main.c:729:13:MX_GPIO_Init	56	static
../Core/Src/main.c:806:6:Error_Handler	4	static,ignoring_inline_asm
