../Core/Src/main.c:124:6:HAL_GPIO_EXTI_Callback	32	static
../Core/Src/main.c:343:6:refreshAll	8	static
../Core/Src/main.c:370:6:changeFoxStateR	24	static
../Core/Src/main.c:383:6:movement	88	static
../Core/Src/main.c:468:6:initializeObjects	56	static
../Core/Src/main.c:533:6:displayObjects	16	static
../Core/Src/main.c:544:6:showMain	8	static
../Core/Src/main.c:554:6:showAbout	8	static
../Core/Src/main.c:559:6:showSetting	8	static
../Core/Src/main.c:568:6:bulletsSetting	48	static
../Core/Src/main.c:583:6:HealthSetting	48	static
../Core/Src/main.c:604:5:main	112	static
../Core/Src/main.c:702:6:SystemClock_Config	128	static
../Core/Src/main.c:752:13:MX_I2C1_Init	8	static
../Core/Src/main.c:797:13:MX_RTC_Init	32	static
../Core/Src/main.c:856:13:MX_SPI1_Init	8	static
../Core/Src/main.c:894:13:MX_USART1_UART_Init	8	static
../Core/Src/main.c:927:13:MX_USB_PCD_Init	8	static
../Core/Src/main.c:956:13:MX_GPIO_Init	56	static
../Core/Src/main.c:1033:6:Error_Handler	4	static,ignoring_inline_asm
