../Core/Src/stm32f3xx_it.c:138:6:PWM_Start	8	static
../Core/Src/stm32f3xx_it.c:142:6:PWM_Stop	8	static
../Core/Src/stm32f3xx_it.c:146:6:PWM_Change_Tone	40	static
../Core/Src/stm32f3xx_it.c:164:6:call_change_melody	8	static
../Core/Src/stm32f3xx_it.c:169:6:Change_Melody	16	static
../Core/Src/stm32f3xx_it.c:175:6:Update_Melody	16	static
../Core/Src/stm32f3xx_it.c:203:6:NMI_Handler	4	static
../Core/Src/stm32f3xx_it.c:218:6:HardFault_Handler	4	static
../Core/Src/stm32f3xx_it.c:233:6:MemManage_Handler	4	static
../Core/Src/stm32f3xx_it.c:248:6:BusFault_Handler	4	static
../Core/Src/stm32f3xx_it.c:263:6:UsageFault_Handler	4	static
../Core/Src/stm32f3xx_it.c:278:6:SVC_Handler	4	static
../Core/Src/stm32f3xx_it.c:291:6:DebugMon_Handler	4	static
../Core/Src/stm32f3xx_it.c:304:6:PendSV_Handler	4	static
../Core/Src/stm32f3xx_it.c:317:6:SysTick_Handler	8	static
../Core/Src/stm32f3xx_it.c:338:6:TIM1_BRK_TIM15_IRQHandler	8	static
../Core/Src/stm32f3xx_it.c:352:6:TIM1_UP_TIM16_IRQHandler	8	static
../Core/Src/stm32f3xx_it.c:366:6:TIM1_TRG_COM_TIM17_IRQHandler	8	static
../Core/Src/stm32f3xx_it.c:380:6:TIM1_CC_IRQHandler	8	static
../Core/Src/stm32f3xx_it.c:394:6:USART1_IRQHandler	8	static
../Core/Src/stm32f3xx_it.c:408:6:EXTI15_10_IRQHandler	8	static
