../Core/Src/stm32f3xx_it.c:139:6:PWM_Start	8	static
../Core/Src/stm32f3xx_it.c:143:6:PWM_Stop	8	static
../Core/Src/stm32f3xx_it.c:147:6:PWM_Change_Tone	40	static
../Core/Src/stm32f3xx_it.c:165:6:call_change_melody	8	static
../Core/Src/stm32f3xx_it.c:170:6:Change_Melody	16	static
../Core/Src/stm32f3xx_it.c:176:6:Update_Melody	16	static
../Core/Src/stm32f3xx_it.c:204:6:NMI_Handler	4	static
../Core/Src/stm32f3xx_it.c:219:6:HardFault_Handler	4	static
../Core/Src/stm32f3xx_it.c:234:6:MemManage_Handler	4	static
../Core/Src/stm32f3xx_it.c:249:6:BusFault_Handler	4	static
../Core/Src/stm32f3xx_it.c:264:6:UsageFault_Handler	4	static
../Core/Src/stm32f3xx_it.c:279:6:SVC_Handler	4	static
../Core/Src/stm32f3xx_it.c:292:6:DebugMon_Handler	4	static
../Core/Src/stm32f3xx_it.c:305:6:PendSV_Handler	4	static
../Core/Src/stm32f3xx_it.c:318:6:SysTick_Handler	8	static
../Core/Src/stm32f3xx_it.c:339:6:TIM1_BRK_TIM15_IRQHandler	8	static
../Core/Src/stm32f3xx_it.c:353:6:TIM1_UP_TIM16_IRQHandler	8	static
../Core/Src/stm32f3xx_it.c:367:6:TIM1_TRG_COM_TIM17_IRQHandler	8	static
../Core/Src/stm32f3xx_it.c:381:6:TIM1_CC_IRQHandler	8	static
../Core/Src/stm32f3xx_it.c:395:6:USART1_IRQHandler	8	static
../Core/Src/stm32f3xx_it.c:409:6:EXTI15_10_IRQHandler	8	static
