15:22:33 **** Build of configuration Debug for project TankGame ****
make -j8 all 
arm-none-eabi-gcc "../Drivers/STM32F3xx_HAL_Driver/Src/stm32f3xx_hal.c" -mcpu=cortex-m4 -std=gnu11 -g3 -DDEBUG -DUSE_HAL_DRIVER -DSTM32F303xC -c -I../Core/Inc -I../Drivers/STM32F3xx_HAL_Driver/Inc -I../Drivers/STM32F3xx_HAL_Driver/Inc/Legacy -I../Drivers/CMSIS/Device/ST/STM32F3xx/Include -I../Drivers/CMSIS/Include -O0 -ffunction-sections -fdata-sections -Wall -fstack-usage -MMD -MP -MF"Drivers/STM32F3xx_HAL_Driver/Src/stm32f3xx_hal.d" -MT"Drivers/STM32F3xx_HAL_Driver/Src/stm32f3xx_hal.o" --specs=nano.specs -mfpu=fpv4-sp-d16 -mfloat-abi=hard -mthumb -o "Drivers/STM32F3xx_HAL_Driver/Src/stm32f3xx_hal.o"
arm-none-eabi-gcc "../Drivers/STM32F3xx_HAL_Driver/Src/stm32f3xx_hal_cortex.c" -mcpu=cortex-m4 -std=gnu11 -g3 -DDEBUG -DUSE_HAL_DRIVER -DSTM32F303xC -c -I../Core/Inc -I../Drivers/STM32F3xx_HAL_Driver/Inc -I../Drivers/STM32F3xx_HAL_Driver/Inc/Legacy -I../Drivers/CMSIS/Device/ST/STM32F3xx/Include -I../Drivers/CMSIS/Include -O0 -ffunction-sections -fdata-sections -Wall -fstack-usage -MMD -MP -MF"Drivers/STM32F3xx_HAL_Driver/Src/stm32f3xx_hal_cortex.d" -MT"Drivers/STM32F3xx_HAL_Driver/Src/stm32f3xx_hal_cortex.o" --specs=nano.specs -mfpu=fpv4-sp-d16 -mfloat-abi=hard -mthumb -o "Drivers/STM32F3xx_HAL_Driver/Src/stm32f3xx_hal_cortex.o"
arm-none-eabi-gcc "../Drivers/STM32F3xx_HAL_Driver/Src/stm32f3xx_hal_dma.c" -mcpu=cortex-m4 -std=gnu11 -g3 -DDEBUG -DUSE_HAL_DRIVER -DSTM32F303xC -c -I../Core/Inc -I../Drivers/STM32F3xx_HAL_Driver/Inc -I../Drivers/STM32F3xx_HAL_Driver/Inc/Legacy -I../Drivers/CMSIS/Device/ST/STM32F3xx/Include -I../Drivers/CMSIS/Include -O0 -ffunction-sections -fdata-sections -Wall -fstack-usage -MMD -MP -MF"Drivers/STM32F3xx_HAL_Driver/Src/stm32f3xx_hal_dma.d" -MT"Drivers/STM32F3xx_HAL_Driver/Src/stm32f3xx_hal_dma.o" --specs=nano.specs -mfpu=fpv4-sp-d16 -mfloat-abi=hard -mthumb -o "Drivers/STM32F3xx_HAL_Driver/Src/stm32f3xx_hal_dma.o"
arm-none-eabi-gcc "../Drivers/STM32F3xx_HAL_Driver/Src/stm32f3xx_hal_exti.c" -mcpu=cortex-m4 -std=gnu11 -g3 -DDEBUG -DUSE_HAL_DRIVER -DSTM32F303xC -c -I../Core/Inc -I../Drivers/STM32F3xx_HAL_Driver/Inc -I../Drivers/STM32F3xx_HAL_Driver/Inc/Legacy -I../Drivers/CMSIS/Device/ST/STM32F3xx/Include -I../Drivers/CMSIS/Include -O0 -ffunction-sections -fdata-sections -Wall -fstack-usage -MMD -MP -MF"Drivers/STM32F3xx_HAL_Driver/Src/stm32f3xx_hal_exti.d" -MT"Drivers/STM32F3xx_HAL_Driver/Src/stm32f3xx_hal_exti.o" --specs=nano.specs -mfpu=fpv4-sp-d16 -mfloat-abi=hard -mthumb -o "Drivers/STM32F3xx_HAL_Driver/Src/stm32f3xx_hal_exti.o"
arm-none-eabi-gcc "../Drivers/STM32F3xx_HAL_Driver/Src/stm32f3xx_hal_flash.c" -mcpu=cortex-m4 -std=gnu11 -g3 -DDEBUG -DUSE_HAL_DRIVER -DSTM32F303xC -c -I../Core/Inc -I../Drivers/STM32F3xx_HAL_Driver/Inc -I../Drivers/STM32F3xx_HAL_Driver/Inc/Legacy -I../Drivers/CMSIS/Device/ST/STM32F3xx/Include -I../Drivers/CMSIS/Include -O0 -ffunction-sections -fdata-sections -Wall -fstack-usage -MMD -MP -MF"Drivers/STM32F3xx_HAL_Driver/Src/stm32f3xx_hal_flash.d" -MT"Drivers/STM32F3xx_HAL_Driver/Src/stm32f3xx_hal_flash.o" --specs=nano.specs -mfpu=fpv4-sp-d16 -mfloat-abi=hard -mthumb -o "Drivers/STM32F3xx_HAL_Driver/Src/stm32f3xx_hal_flash.o"
arm-none-eabi-gcc "../Drivers/STM32F3xx_HAL_Driver/Src/stm32f3xx_hal_flash_ex.c" -mcpu=cortex-m4 -std=gnu11 -g3 -DDEBUG -DUSE_HAL_DRIVER -DSTM32F303xC -c -I../Core/Inc -I../Drivers/STM32F3xx_HAL_Driver/Inc -I../Drivers/STM32F3xx_HAL_Driver/Inc/Legacy -I../Drivers/CMSIS/Device/ST/STM32F3xx/Include -I../Drivers/CMSIS/Include -O0 -ffunction-sections -fdata-sections -Wall -fstack-usage -MMD -MP -MF"Drivers/STM32F3xx_HAL_Driver/Src/stm32f3xx_hal_flash_ex.d" -MT"Drivers/STM32F3xx_HAL_Driver/Src/stm32f3xx_hal_flash_ex.o" --specs=nano.specs -mfpu=fpv4-sp-d16 -mfloat-abi=hard -mthumb -o "Drivers/STM32F3xx_HAL_Driver/Src/stm32f3xx_hal_flash_ex.o"
arm-none-eabi-gcc "../Drivers/STM32F3xx_HAL_Driver/Src/stm32f3xx_hal_gpio.c" -mcpu=cortex-m4 -std=gnu11 -g3 -DDEBUG -DUSE_HAL_DRIVER -DSTM32F303xC -c -I../Core/Inc -I../Drivers/STM32F3xx_HAL_Driver/Inc -I../Drivers/STM32F3xx_HAL_Driver/Inc/Legacy -I../Drivers/CMSIS/Device/ST/STM32F3xx/Include -I../Drivers/CMSIS/Include -O0 -ffunction-sections -fdata-sections -Wall -fstack-usage -MMD -MP -MF"Drivers/STM32F3xx_HAL_Driver/Src/stm32f3xx_hal_gpio.d" -MT"Drivers/STM32F3xx_HAL_Driver/Src/stm32f3xx_hal_gpio.o" --specs=nano.specs -mfpu=fpv4-sp-d16 -mfloat-abi=hard -mthumb -o "Drivers/STM32F3xx_HAL_Driver/Src/stm32f3xx_hal_gpio.o"
arm-none-eabi-gcc "../Drivers/STM32F3xx_HAL_Driver/Src/stm32f3xx_hal_i2c.c" -mcpu=cortex-m4 -std=gnu11 -g3 -DDEBUG -DUSE_HAL_DRIVER -DSTM32F303xC -c -I../Core/Inc -I../Drivers/STM32F3xx_HAL_Driver/Inc -I../Drivers/STM32F3xx_HAL_Driver/Inc/Legacy -I../Drivers/CMSIS/Device/ST/STM32F3xx/Include -I../Drivers/CMSIS/Include -O0 -ffunction-sections -fdata-sections -Wall -fstack-usage -MMD -MP -MF"Drivers/STM32F3xx_HAL_Driver/Src/stm32f3xx_hal_i2c.d" -MT"Drivers/STM32F3xx_HAL_Driver/Src/stm32f3xx_hal_i2c.o" --specs=nano.specs -mfpu=fpv4-sp-d16 -mfloat-abi=hard -mthumb -o "Drivers/STM32F3xx_HAL_Driver/Src/stm32f3xx_hal_i2c.o"
arm-none-eabi-gcc "../Drivers/STM32F3xx_HAL_Driver/Src/stm32f3xx_hal_i2c_ex.c" -mcpu=cortex-m4 -std=gnu11 -g3 -DDEBUG -DUSE_HAL_DRIVER -DSTM32F303xC -c -I../Core/Inc -I../Drivers/STM32F3xx_HAL_Driver/Inc -I../Drivers/STM32F3xx_HAL_Driver/Inc/Legacy -I../Drivers/CMSIS/Device/ST/STM32F3xx/Include -I../Drivers/CMSIS/Include -O0 -ffunction-sections -fdata-sections -Wall -fstack-usage -MMD -MP -MF"Drivers/STM32F3xx_HAL_Driver/Src/stm32f3xx_hal_i2c_ex.d" -MT"Drivers/STM32F3xx_HAL_Driver/Src/stm32f3xx_hal_i2c_ex.o" --specs=nano.specs -mfpu=fpv4-sp-d16 -mfloat-abi=hard -mthumb -o "Drivers/STM32F3xx_HAL_Driver/Src/stm32f3xx_hal_i2c_ex.o"
arm-none-eabi-gcc "../Drivers/STM32F3xx_HAL_Driver/Src/stm32f3xx_hal_pcd.c" -mcpu=cortex-m4 -std=gnu11 -g3 -DDEBUG -DUSE_HAL_DRIVER -DSTM32F303xC -c -I../Core/Inc -I../Drivers/STM32F3xx_HAL_Driver/Inc -I../Drivers/STM32F3xx_HAL_Driver/Inc/Legacy -I../Drivers/CMSIS/Device/ST/STM32F3xx/Include -I../Drivers/CMSIS/Include -O0 -ffunction-sections -fdata-sections -Wall -fstack-usage -MMD -MP -MF"Drivers/STM32F3xx_HAL_Driver/Src/stm32f3xx_hal_pcd.d" -MT"Drivers/STM32F3xx_HAL_Driver/Src/stm32f3xx_hal_pcd.o" --specs=nano.specs -mfpu=fpv4-sp-d16 -mfloat-abi=hard -mthumb -o "Drivers/STM32F3xx_HAL_Driver/Src/stm32f3xx_hal_pcd.o"
arm-none-eabi-gcc "../Drivers/STM32F3xx_HAL_Driver/Src/stm32f3xx_hal_pcd_ex.c" -mcpu=cortex-m4 -std=gnu11 -g3 -DDEBUG -DUSE_HAL_DRIVER -DSTM32F303xC -c -I../Core/Inc -I../Drivers/STM32F3xx_HAL_Driver/Inc -I../Drivers/STM32F3xx_HAL_Driver/Inc/Legacy -I../Drivers/CMSIS/Device/ST/STM32F3xx/Include -I../Drivers/CMSIS/Include -O0 -ffunction-sections -fdata-sections -Wall -fstack-usage -MMD -MP -MF"Drivers/STM32F3xx_HAL_Driver/Src/stm32f3xx_hal_pcd_ex.d" -MT"Drivers/STM32F3xx_HAL_Driver/Src/stm32f3xx_hal_pcd_ex.o" --specs=nano.specs -mfpu=fpv4-sp-d16 -mfloat-abi=hard -mthumb -o "Drivers/STM32F3xx_HAL_Driver/Src/stm32f3xx_hal_pcd_ex.o"
arm-none-eabi-gcc "../Drivers/STM32F3xx_HAL_Driver/Src/stm32f3xx_hal_pwr.c" -mcpu=cortex-m4 -std=gnu11 -g3 -DDEBUG -DUSE_HAL_DRIVER -DSTM32F303xC -c -I../Core/Inc -I../Drivers/STM32F3xx_HAL_Driver/Inc -I../Drivers/STM32F3xx_HAL_Driver/Inc/Legacy -I../Drivers/CMSIS/Device/ST/STM32F3xx/Include -I../Drivers/CMSIS/Include -O0 -ffunction-sections -fdata-sections -Wall -fstack-usage -MMD -MP -MF"Drivers/STM32F3xx_HAL_Driver/Src/stm32f3xx_hal_pwr.d" -MT"Drivers/STM32F3xx_HAL_Driver/Src/stm32f3xx_hal_pwr.o" --specs=nano.specs -mfpu=fpv4-sp-d16 -mfloat-abi=hard -mthumb -o "Drivers/STM32F3xx_HAL_Driver/Src/stm32f3xx_hal_pwr.o"
arm-none-eabi-gcc "../Drivers/STM32F3xx_HAL_Driver/Src/stm32f3xx_hal_pwr_ex.c" -mcpu=cortex-m4 -std=gnu11 -g3 -DDEBUG -DUSE_HAL_DRIVER -DSTM32F303xC -c -I../Core/Inc -I../Drivers/STM32F3xx_HAL_Driver/Inc -I../Drivers/STM32F3xx_HAL_Driver/Inc/Legacy -I../Drivers/CMSIS/Device/ST/STM32F3xx/Include -I../Drivers/CMSIS/Include -O0 -ffunction-sections -fdata-sections -Wall -fstack-usage -MMD -MP -MF"Drivers/STM32F3xx_HAL_Driver/Src/stm32f3xx_hal_pwr_ex.d" -MT"Drivers/STM32F3xx_HAL_Driver/Src/stm32f3xx_hal_pwr_ex.o" --specs=nano.specs -mfpu=fpv4-sp-d16 -mfloat-abi=hard -mthumb -o "Drivers/STM32F3xx_HAL_Driver/Src/stm32f3xx_hal_pwr_ex.o"
arm-none-eabi-gcc "../Drivers/STM32F3xx_HAL_Driver/Src/stm32f3xx_hal_rcc.c" -mcpu=cortex-m4 -std=gnu11 -g3 -DDEBUG -DUSE_HAL_DRIVER -DSTM32F303xC -c -I../Core/Inc -I../Drivers/STM32F3xx_HAL_Driver/Inc -I../Drivers/STM32F3xx_HAL_Driver/Inc/Legacy -I../Drivers/CMSIS/Device/ST/STM32F3xx/Include -I../Drivers/CMSIS/Include -O0 -ffunction-sections -fdata-sections -Wall -fstack-usage -MMD -MP -MF"Drivers/STM32F3xx_HAL_Driver/Src/stm32f3xx_hal_rcc.d" -MT"Drivers/STM32F3xx_HAL_Driver/Src/stm32f3xx_hal_rcc.o" --specs=nano.specs -mfpu=fpv4-sp-d16 -mfloat-abi=hard -mthumb -o "Drivers/STM32F3xx_HAL_Driver/Src/stm32f3xx_hal_rcc.o"
arm-none-eabi-gcc "../Drivers/STM32F3xx_HAL_Driver/Src/stm32f3xx_hal_rcc_ex.c" -mcpu=cortex-m4 -std=gnu11 -g3 -DDEBUG -DUSE_HAL_DRIVER -DSTM32F303xC -c -I../Core/Inc -I../Drivers/STM32F3xx_HAL_Driver/Inc -I../Drivers/STM32F3xx_HAL_Driver/Inc/Legacy -I../Drivers/CMSIS/Device/ST/STM32F3xx/Include -I../Drivers/CMSIS/Include -O0 -ffunction-sections -fdata-sections -Wall -fstack-usage -MMD -MP -MF"Drivers/STM32F3xx_HAL_Driver/Src/stm32f3xx_hal_rcc_ex.d" -MT"Drivers/STM32F3xx_HAL_Driver/Src/stm32f3xx_hal_rcc_ex.o" --specs=nano.specs -mfpu=fpv4-sp-d16 -mfloat-abi=hard -mthumb -o "Drivers/STM32F3xx_HAL_Driver/Src/stm32f3xx_hal_rcc_ex.o"
arm-none-eabi-gcc "../Drivers/STM32F3xx_HAL_Driver/Src/stm32f3xx_hal_spi.c" -mcpu=cortex-m4 -std=gnu11 -g3 -DDEBUG -DUSE_HAL_DRIVER -DSTM32F303xC -c -I../Core/Inc -I../Drivers/STM32F3xx_HAL_Driver/Inc -I../Drivers/STM32F3xx_HAL_Driver/Inc/Legacy -I../Drivers/CMSIS/Device/ST/STM32F3xx/Include -I../Drivers/CMSIS/Include -O0 -ffunction-sections -fdata-sections -Wall -fstack-usage -MMD -MP -MF"Drivers/STM32F3xx_HAL_Driver/Src/stm32f3xx_hal_spi.d" -MT"Drivers/STM32F3xx_HAL_Driver/Src/stm32f3xx_hal_spi.o" --specs=nano.specs -mfpu=fpv4-sp-d16 -mfloat-abi=hard -mthumb -o "Drivers/STM32F3xx_HAL_Driver/Src/stm32f3xx_hal_spi.o"
arm-none-eabi-gcc "../Drivers/STM32F3xx_HAL_Driver/Src/stm32f3xx_hal_spi_ex.c" -mcpu=cortex-m4 -std=gnu11 -g3 -DDEBUG -DUSE_HAL_DRIVER -DSTM32F303xC -c -I../Core/Inc -I../Drivers/STM32F3xx_HAL_Driver/Inc -I../Drivers/STM32F3xx_HAL_Driver/Inc/Legacy -I../Drivers/CMSIS/Device/ST/STM32F3xx/Include -I../Drivers/CMSIS/Include -O0 -ffunction-sections -fdata-sections -Wall -fstack-usage -MMD -MP -MF"Drivers/STM32F3xx_HAL_Driver/Src/stm32f3xx_hal_spi_ex.d" -MT"Drivers/STM32F3xx_HAL_Driver/Src/stm32f3xx_hal_spi_ex.o" --specs=nano.specs -mfpu=fpv4-sp-d16 -mfloat-abi=hard -mthumb -o "Drivers/STM32F3xx_HAL_Driver/Src/stm32f3xx_hal_spi_ex.o"
arm-none-eabi-gcc "../Drivers/STM32F3xx_HAL_Driver/Src/stm32f3xx_hal_tim.c" -mcpu=cortex-m4 -std=gnu11 -g3 -DDEBUG -DUSE_HAL_DRIVER -DSTM32F303xC -c -I../Core/Inc -I../Drivers/STM32F3xx_HAL_Driver/Inc -I../Drivers/STM32F3xx_HAL_Driver/Inc/Legacy -I../Drivers/CMSIS/Device/ST/STM32F3xx/Include -I../Drivers/CMSIS/Include -O0 -ffunction-sections -fdata-sections -Wall -fstack-usage -MMD -MP -MF"Drivers/STM32F3xx_HAL_Driver/Src/stm32f3xx_hal_tim.d" -MT"Drivers/STM32F3xx_HAL_Driver/Src/stm32f3xx_hal_tim.o" --specs=nano.specs -mfpu=fpv4-sp-d16 -mfloat-abi=hard -mthumb -o "Drivers/STM32F3xx_HAL_Driver/Src/stm32f3xx_hal_tim.o"
arm-none-eabi-gcc "../Drivers/STM32F3xx_HAL_Driver/Src/stm32f3xx_hal_tim_ex.c" -mcpu=cortex-m4 -std=gnu11 -g3 -DDEBUG -DUSE_HAL_DRIVER -DSTM32F303xC -c -I../Core/Inc -I../Drivers/STM32F3xx_HAL_Driver/Inc -I../Drivers/STM32F3xx_HAL_Driver/Inc/Legacy -I../Drivers/CMSIS/Device/ST/STM32F3xx/Include -I../Drivers/CMSIS/Include -O0 -ffunction-sections -fdata-sections -Wall -fstack-usage -MMD -MP -MF"Drivers/STM32F3xx_HAL_Driver/Src/stm32f3xx_hal_tim_ex.d" -MT"Drivers/STM32F3xx_HAL_Driver/Src/stm32f3xx_hal_tim_ex.o" --specs=nano.specs -mfpu=fpv4-sp-d16 -mfloat-abi=hard -mthumb -o "Drivers/STM32F3xx_HAL_Driver/Src/stm32f3xx_hal_tim_ex.o"
arm-none-eabi-gcc "../Drivers/STM32F3xx_HAL_Driver/Src/stm32f3xx_hal_uart.c" -mcpu=cortex-m4 -std=gnu11 -g3 -DDEBUG -DUSE_HAL_DRIVER -DSTM32F303xC -c -I../Core/Inc -I../Drivers/STM32F3xx_HAL_Driver/Inc -I../Drivers/STM32F3xx_HAL_Driver/Inc/Legacy -I../Drivers/CMSIS/Device/ST/STM32F3xx/Include -I../Drivers/CMSIS/Include -O0 -ffunction-sections -fdata-sections -Wall -fstack-usage -MMD -MP -MF"Drivers/STM32F3xx_HAL_Driver/Src/stm32f3xx_hal_uart.d" -MT"Drivers/STM32F3xx_HAL_Driver/Src/stm32f3xx_hal_uart.o" --specs=nano.specs -mfpu=fpv4-sp-d16 -mfloat-abi=hard -mthumb -o "Drivers/STM32F3xx_HAL_Driver/Src/stm32f3xx_hal_uart.o"
arm-none-eabi-gcc "../Drivers/STM32F3xx_HAL_Driver/Src/stm32f3xx_hal_uart_ex.c" -mcpu=cortex-m4 -std=gnu11 -g3 -DDEBUG -DUSE_HAL_DRIVER -DSTM32F303xC -c -I../Core/Inc -I../Drivers/STM32F3xx_HAL_Driver/Inc -I../Drivers/STM32F3xx_HAL_Driver/Inc/Legacy -I../Drivers/CMSIS/Device/ST/STM32F3xx/Include -I../Drivers/CMSIS/Include -O0 -ffunction-sections -fdata-sections -Wall -fstack-usage -MMD -MP -MF"Drivers/STM32F3xx_HAL_Driver/Src/stm32f3xx_hal_uart_ex.d" -MT"Drivers/STM32F3xx_HAL_Driver/Src/stm32f3xx_hal_uart_ex.o" --specs=nano.specs -mfpu=fpv4-sp-d16 -mfloat-abi=hard -mthumb -o "Drivers/STM32F3xx_HAL_Driver/Src/stm32f3xx_hal_uart_ex.o"
arm-none-eabi-gcc "../Drivers/STM32F3xx_HAL_Driver/Src/stm32f3xx_ll_usb.c" -mcpu=cortex-m4 -std=gnu11 -g3 -DDEBUG -DUSE_HAL_DRIVER -DSTM32F303xC -c -I../Core/Inc -I../Drivers/STM32F3xx_HAL_Driver/Inc -I../Drivers/STM32F3xx_HAL_Driver/Inc/Legacy -I../Drivers/CMSIS/Device/ST/STM32F3xx/Include -I../Drivers/CMSIS/Include -O0 -ffunction-sections -fdata-sections -Wall -fstack-usage -MMD -MP -MF"Drivers/STM32F3xx_HAL_Driver/Src/stm32f3xx_ll_usb.d" -MT"Drivers/STM32F3xx_HAL_Driver/Src/stm32f3xx_ll_usb.o" --specs=nano.specs -mfpu=fpv4-sp-d16 -mfloat-abi=hard -mthumb -o "Drivers/STM32F3xx_HAL_Driver/Src/stm32f3xx_ll_usb.o"
arm-none-eabi-gcc -mcpu=cortex-m4 -g3 -DDEBUG -c -x assembler-with-cpp -MMD -MP -MF"Core/Startup/startup_stm32f303vctx.d" -MT"Core/Startup/startup_stm32f303vctx.o" --specs=nano.specs -mfpu=fpv4-sp-d16 -mfloat-abi=hard -mthumb -o "Core/Startup/startup_stm32f303vctx.o" "../Core/Startup/startup_stm32f303vctx.s"
arm-none-eabi-gcc "../Core/Src/main.c" -mcpu=cortex-m4 -std=gnu11 -g3 -DDEBUG -DUSE_HAL_DRIVER -DSTM32F303xC -c -I../Core/Inc -I../Drivers/STM32F3xx_HAL_Driver/Inc -I../Drivers/STM32F3xx_HAL_Driver/Inc/Legacy -I../Drivers/CMSIS/Device/ST/STM32F3xx/Include -I../Drivers/CMSIS/Include -O0 -ffunction-sections -fdata-sections -Wall -fstack-usage -MMD -MP -MF"Core/Src/main.d" -MT"Core/Src/main.o" --specs=nano.specs -mfpu=fpv4-sp-d16 -mfloat-abi=hard -mthumb -o "Core/Src/main.o"
arm-none-eabi-gcc "../Core/Src/stm32f3xx_hal_msp.c" -mcpu=cortex-m4 -std=gnu11 -g3 -DDEBUG -DUSE_HAL_DRIVER -DSTM32F303xC -c -I../Core/Inc -I../Drivers/STM32F3xx_HAL_Driver/Inc -I../Drivers/STM32F3xx_HAL_Driver/Inc/Legacy -I../Drivers/CMSIS/Device/ST/STM32F3xx/Include -I../Drivers/CMSIS/Include -O0 -ffunction-sections -fdata-sections -Wall -fstack-usage -MMD -MP -MF"Core/Src/stm32f3xx_hal_msp.d" -MT"Core/Src/stm32f3xx_hal_msp.o" --specs=nano.specs -mfpu=fpv4-sp-d16 -mfloat-abi=hard -mthumb -o "Core/Src/stm32f3xx_hal_msp.o"
arm-none-eabi-gcc "../Core/Src/stm32f3xx_it.c" -mcpu=cortex-m4 -std=gnu11 -g3 -DDEBUG -DUSE_HAL_DRIVER -DSTM32F303xC -c -I../Core/Inc -I../Drivers/STM32F3xx_HAL_Driver/Inc -I../Drivers/STM32F3xx_HAL_Driver/Inc/Legacy -I../Drivers/CMSIS/Device/ST/STM32F3xx/Include -I../Drivers/CMSIS/Include -O0 -ffunction-sections -fdata-sections -Wall -fstack-usage -MMD -MP -MF"Core/Src/stm32f3xx_it.d" -MT"Core/Src/stm32f3xx_it.o" --specs=nano.specs -mfpu=fpv4-sp-d16 -mfloat-abi=hard -mthumb -o "Core/Src/stm32f3xx_it.o"
arm-none-eabi-gcc "../Core/Src/syscalls.c" -mcpu=cortex-m4 -std=gnu11 -g3 -DDEBUG -DUSE_HAL_DRIVER -DSTM32F303xC -c -I../Core/Inc -I../Drivers/STM32F3xx_HAL_Driver/Inc -I../Drivers/STM32F3xx_HAL_Driver/Inc/Legacy -I../Drivers/CMSIS/Device/ST/STM32F3xx/Include -I../Drivers/CMSIS/Include -O0 -ffunction-sections -fdata-sections -Wall -fstack-usage -MMD -MP -MF"Core/Src/syscalls.d" -MT"Core/Src/syscalls.o" --specs=nano.specs -mfpu=fpv4-sp-d16 -mfloat-abi=hard -mthumb -o "Core/Src/syscalls.o"
arm-none-eabi-gcc "../Core/Src/sysmem.c" -mcpu=cortex-m4 -std=gnu11 -g3 -DDEBUG -DUSE_HAL_DRIVER -DSTM32F303xC -c -I../Core/Inc -I../Drivers/STM32F3xx_HAL_Driver/Inc -I../Drivers/STM32F3xx_HAL_Driver/Inc/Legacy -I../Drivers/CMSIS/Device/ST/STM32F3xx/Include -I../Drivers/CMSIS/Include -O0 -ffunction-sections -fdata-sections -Wall -fstack-usage -MMD -MP -MF"Core/Src/sysmem.d" -MT"Core/Src/sysmem.o" --specs=nano.specs -mfpu=fpv4-sp-d16 -mfloat-abi=hard -mthumb -o "Core/Src/sysmem.o"
arm-none-eabi-gcc "../Core/Src/system_stm32f3xx.c" -mcpu=cortex-m4 -std=gnu11 -g3 -DDEBUG -DUSE_HAL_DRIVER -DSTM32F303xC -c -I../Core/Inc -I../Drivers/STM32F3xx_HAL_Driver/Inc -I../Drivers/STM32F3xx_HAL_Driver/Inc/Legacy -I../Drivers/CMSIS/Device/ST/STM32F3xx/Include -I../Drivers/CMSIS/Include -O0 -ffunction-sections -fdata-sections -Wall -fstack-usage -MMD -MP -MF"Core/Src/system_stm32f3xx.d" -MT"Core/Src/system_stm32f3xx.o" --specs=nano.specs -mfpu=fpv4-sp-d16 -mfloat-abi=hard -mthumb -o "Core/Src/system_stm32f3xx.o"
../Core/Src/main.c: In function 'HAL_GPIO_EXTI_Callback':
../Core/Src/main.c:126:32: warning: pointer targets in passing argument 2 of 'HAL_UART_Transmit' differ in signedness [-Wpointer-sign]
  126 |     HAL_UART_Transmit(&huart1, "1",
      |                                ^~~
      |                                |
      |                                char *
In file included from ../Core/Inc/stm32f3xx_hal_conf.h:327,
                 from ../Drivers/STM32F3xx_HAL_Driver/Inc/stm32f3xx_hal.h:29,
                 from ../Core/Inc/main.h:30,
                 from ../Core/Src/main.c:20:
../Drivers/STM32F3xx_HAL_Driver/Inc/stm32f3xx_hal_uart.h:1486:79: note: expected 'const uint8_t *' {aka 'const unsigned char *'} but argument is of type 'char *'
 1486 | HAL_StatusTypeDef HAL_UART_Transmit(UART_HandleTypeDef *huart, const uint8_t *pData, uint16_t Size, uint32_t Timeout);
      |                                                                ~~~~~~~~~~~~~~~^~~~~
../Core/Src/main.c:132:32: warning: pointer targets in passing argument 2 of 'HAL_UART_Transmit' differ in signedness [-Wpointer-sign]
  132 |     HAL_UART_Transmit(&huart1, "2",
      |                                ^~~
      |                                |
      |                                char *
In file included from ../Core/Inc/stm32f3xx_hal_conf.h:327,
                 from ../Drivers/STM32F3xx_HAL_Driver/Inc/stm32f3xx_hal.h:29,
                 from ../Core/Inc/main.h:30,
                 from ../Core/Src/main.c:20:
../Drivers/STM32F3xx_HAL_Driver/Inc/stm32f3xx_hal_uart.h:1486:79: note: expected 'const uint8_t *' {aka 'const unsigned char *'} but argument is of type 'char *'
 1486 | HAL_StatusTypeDef HAL_UART_Transmit(UART_HandleTypeDef *huart, const uint8_t *pData, uint16_t Size, uint32_t Timeout);
      |                                                                ~~~~~~~~~~~~~~~^~~~~
../Core/Src/main.c:138:32: warning: pointer targets in passing argument 2 of 'HAL_UART_Transmit' differ in signedness [-Wpointer-sign]
  138 |     HAL_UART_Transmit(&huart1, "3",
      |                                ^~~
      |                                |
      |                                char *
In file included from ../Core/Inc/stm32f3xx_hal_conf.h:327,
                 from ../Drivers/STM32F3xx_HAL_Driver/Inc/stm32f3xx_hal.h:29,
                 from ../Core/Inc/main.h:30,
                 from ../Core/Src/main.c:20:
../Drivers/STM32F3xx_HAL_Driver/Inc/stm32f3xx_hal_uart.h:1486:79: note: expected 'const uint8_t *' {aka 'const unsigned char *'} but argument is of type 'char *'
 1486 | HAL_StatusTypeDef HAL_UART_Transmit(UART_HandleTypeDef *huart, const uint8_t *pData, uint16_t Size, uint32_t Timeout);
      |                                                                ~~~~~~~~~~~~~~~^~~~~
../Core/Src/main.c:144:32: warning: pointer targets in passing argument 2 of 'HAL_UART_Transmit' differ in signedness [-Wpointer-sign]
  144 |     HAL_UART_Transmit(&huart1, "4",
      |                                ^~~
      |                                |
      |                                char *
In file included from ../Core/Inc/stm32f3xx_hal_conf.h:327,
                 from ../Drivers/STM32F3xx_HAL_Driver/Inc/stm32f3xx_hal.h:29,
                 from ../Core/Inc/main.h:30,
                 from ../Core/Src/main.c:20:
../Drivers/STM32F3xx_HAL_Driver/Inc/stm32f3xx_hal_uart.h:1486:79: note: expected 'const uint8_t *' {aka 'const unsigned char *'} but argument is of type 'char *'
 1486 | HAL_StatusTypeDef HAL_UART_Transmit(UART_HandleTypeDef *huart, const uint8_t *pData, uint16_t Size, uint32_t Timeout);
      |                                                                ~~~~~~~~~~~~~~~^~~~~
../Core/Src/main.c:150:32: warning: pointer targets in passing argument 2 of 'HAL_UART_Transmit' differ in signedness [-Wpointer-sign]
  150 |     HAL_UART_Transmit(&huart1, "5",
      |                                ^~~
      |                                |
      |                                char *
In file included from ../Core/Inc/stm32f3xx_hal_conf.h:327,
                 from ../Drivers/STM32F3xx_HAL_Driver/Inc/stm32f3xx_hal.h:29,
                 from ../Core/Inc/main.h:30,
                 from ../Core/Src/main.c:20:
../Drivers/STM32F3xx_HAL_Driver/Inc/stm32f3xx_hal_uart.h:1486:79: note: expected 'const uint8_t *' {aka 'const unsigned char *'} but argument is of type 'char *'
 1486 | HAL_StatusTypeDef HAL_UART_Transmit(UART_HandleTypeDef *huart, const uint8_t *pData, uint16_t Size, uint32_t Timeout);
      |                                                                ~~~~~~~~~~~~~~~^~~~~
../Core/Src/main.c:156:32: warning: pointer targets in passing argument 2 of 'HAL_UART_Transmit' differ in signedness [-Wpointer-sign]
  156 |     HAL_UART_Transmit(&huart1, "6",
      |                                ^~~
      |                                |
      |                                char *
In file included from ../Core/Inc/stm32f3xx_hal_conf.h:327,
                 from ../Drivers/STM32F3xx_HAL_Driver/Inc/stm32f3xx_hal.h:29,
                 from ../Core/Inc/main.h:30,
                 from ../Core/Src/main.c:20:
../Drivers/STM32F3xx_HAL_Driver/Inc/stm32f3xx_hal_uart.h:1486:79: note: expected 'const uint8_t *' {aka 'const unsigned char *'} but argument is of type 'char *'
 1486 | HAL_StatusTypeDef HAL_UART_Transmit(UART_HandleTypeDef *huart, const uint8_t *pData, uint16_t Size, uint32_t Timeout);
      |                                                                ~~~~~~~~~~~~~~~^~~~~
../Core/Src/main.c:162:32: warning: pointer targets in passing argument 2 of 'HAL_UART_Transmit' differ in signedness [-Wpointer-sign]
  162 |     HAL_UART_Transmit(&huart1, "7",
      |                                ^~~
      |                                |
      |                                char *
In file included from ../Core/Inc/stm32f3xx_hal_conf.h:327,
                 from ../Drivers/STM32F3xx_HAL_Driver/Inc/stm32f3xx_hal.h:29,
                 from ../Core/Inc/main.h:30,
                 from ../Core/Src/main.c:20:
../Drivers/STM32F3xx_HAL_Driver/Inc/stm32f3xx_hal_uart.h:1486:79: note: expected 'const uint8_t *' {aka 'const unsigned char *'} but argument is of type 'char *'
 1486 | HAL_StatusTypeDef HAL_UART_Transmit(UART_HandleTypeDef *huart, const uint8_t *pData, uint16_t Size, uint32_t Timeout);
      |                                                                ~~~~~~~~~~~~~~~^~~~~
../Core/Src/main.c:168:32: warning: pointer targets in passing argument 2 of 'HAL_UART_Transmit' differ in signedness [-Wpointer-sign]
  168 |     HAL_UART_Transmit(&huart1, "8",
      |                                ^~~
      |                                |
      |                                char *
In file included from ../Core/Inc/stm32f3xx_hal_conf.h:327,
                 from ../Drivers/STM32F3xx_HAL_Driver/Inc/stm32f3xx_hal.h:29,
                 from ../Core/Inc/main.h:30,
                 from ../Core/Src/main.c:20:
../Drivers/STM32F3xx_HAL_Driver/Inc/stm32f3xx_hal_uart.h:1486:79: note: expected 'const uint8_t *' {aka 'const unsigned char *'} but argument is of type 'char *'
 1486 | HAL_StatusTypeDef HAL_UART_Transmit(UART_HandleTypeDef *huart, const uint8_t *pData, uint16_t Size, uint32_t Timeout);
      |                                                                ~~~~~~~~~~~~~~~^~~~~
arm-none-eabi-gcc -o "TankGame.elf" @"objects.list"   -mcpu=cortex-m4 -T"D:\University\TERM 7\MicroControler\Final Project\Tank-Game-on-Char-LCD\TankGame\STM32F303VCTX_FLASH.ld" --specs=nosys.specs -Wl,-Map="TankGame.map" -Wl,--gc-sections -static --specs=nano.specs -mfpu=fpv4-sp-d16 -mfloat-abi=hard -mthumb -Wl,--start-group -lc -lm -Wl,--end-group
Finished building target: TankGame.elf
 
arm-none-eabi-size   TankGame.elf 
arm-none-eabi-objdump -h -S  TankGame.elf  > "TankGame.list"
   text	   data	    bss	    dec	    hex	filename
  16992	     20	   2644	  19656	   4cc8	TankGame.elf
Finished building: default.size.stdout
 
Finished building: TankGame.list
 
15:22:42 **** Incremental Build of configuration Debug for project TankGame ****
make -j8 all 
arm-none-eabi-size   TankGame.elf 
   text	   data	    bss	    dec	    hex	filename
  16992	     20	   2644	  19656	   4cc8	TankGame.elf
Finished building: default.size.stdout
 
